
> react-example@0.0.0 build
> vite build && esbuild server.ts --bundle --platform=node --format=cjs --packages=external --sourcemap --outfile=dist/server.cjs

vite v6.4.3 building for production...
transforming...
✓ 1975 modules transformed.
✗ Build failed in 3.16s
error during build:
[vite:esbuild] Transform failed with 1 error:
/app/applet/src/data/chapter4_content.ts:1:72772: ERROR: Unterminated string literal
file: /app/applet/src/data/chapter4_content.ts:1:72772

Unterminated string literal
1  |  export const chapter4Content = "### Introduction\nIn this chapter, we study vectors and vector algebra. A vector is a quantity that has both magnitude and direction; for example, displacement, velocity, acceleration, and force are naturally described by vectors. Vector algebra is the set of rules and methods used to represent vectors, combine them, compare them, and use them in calculations. We will learn how to write vectors in component form, add and subtract vectors, multiply vectors by scalars, and interpret these operations geometrically. These ideas are useful in mathematics, physics, engineering, navigation, computer graphics, and many real-life situations where both size and direction matter. We will also use position vectors to describe points in three-dimensional space and use vector methods to solve problems involving distance, direction, parallel lines, collinear points, and parallelograms. Later, the scalar product and vector product will help us find angles, projections, areas, and directions in two-dimensional and three-dimensional geometry.\n\n---\n\n## 4.1 Vectors in Three Dimensions\nIn the plane, each point is associated with an ordered pair of real numbers. In space, each point is associated with an ordered triple of real numbers.\n\nThrough a fixed point, called the origin $O$, draw three mutually perpendicular lines: the $x$-axis, the $y$-axis, and the $z$-axis. A point $P$ in space is determined by an ordered triple $(x, y, z)$ of real numbers, as shown in the diagram. These numbers $x, y$, and $z$ are called the coordinates of $P$.\n\n[DIAGRAM:Chap4_Fig1]\n\n**Example 1**\nIllustrate the following points in three-dimensional space:\n(a) $A(0, 3, 0)$\n(b) $B(4, 0, 2)$\n(c) $C(-1, 2, 2)$.\n\n**Solution**\nအမှတ်တစ်ခု၏ ကိုဩဒိနိတ် $(x, y, z)$ တွင် $x$ သည် $x$ ဝင်ရိုးတစ်လျှောက် ရွေ့ရသော တန်ဖိုး၊ $y$ သည် $y$ ဝင်ရိုးတစ်လျှောက် ရွေ့ရသော တန်ဖိုး၊ $z$ သည် $z$ ဝင်ရိုးတစ်လျှောက် အပေါ်သို့ ရွေ့ရသော တန်ဖိုး ဖြစ်သည်။\n\n[DIAGRAM:Chap4_Fig2]\n\n---\n\n### Standard Unit Vectors\nThe standard unit vectors in three-dimensional space are denoted by\n$$ \\hat{\\mathbf{i}} = (1, 0, 0), \\quad \\hat{\\mathbf{j}} = (0, 1, 0), \\quad \\hat{\\mathbf{k}} = (0, 0, 1). $$\nHere $\\hat{\\mathbf{i}}$ is directed along the positive $x$-axis, $\\hat{\\mathbf{j}}$ is directed along the positive $y$-axis, and $\\hat{\\mathbf{k}}$ is directed along the positive $z$-axis. Each of these vectors has magnitude $1$.\n\n[DIAGRAM:Chap4_Fig3]\n\n---\n\n### Position Vectors in Three Dimensions\nIf $\\overrightarrow{OA}$ is a vector with initial point at the origin $O$ and terminal point at $A(2, 3, 4)$, then we can represent $\\overrightarrow{OA}$ in terms of the unit vectors $\\hat{\\mathbf{i}}, \\hat{\\mathbf{j}}$, and $\\hat{\\mathbf{k}}$ as\n$$ \\overrightarrow{OA} = 2\\hat{\\mathbf{i}} + 3\\hat{\\mathbf{j}} + 4\\hat{\\mathbf{k}}. $$\n\nWe can also represent vectors in three dimensions using column vectors, just as we do in two dimensions. Thus,\n$$ \\overrightarrow{OA} = \\begin{pmatrix} 2 \\\\ 3 \\\\ 4 \\end{pmatrix}. $$\nThe numbers in the column vector are called the components of the vector.\n\n[DIAGRAM:Chap4_Fig4]\n\n---\n\nA vector whose initial point is at the origin is called a position vector. For example, the position of the point $P(a, b, c)$ can be represented by its position vector $\\overrightarrow{OP}$.\nSo,\n$$ \\vec{p} = \\overrightarrow{OP} = \\begin{pmatrix} a \\\\ b \\\\ c \\end{pmatrix} = a\\hat{\\mathbf{i}} + b\\hat{\\mathbf{j}} + c\\hat{\\mathbf{k}} $$\nis the position vector of the point $P$.\n\n[DIAGRAM:Chap4_Fig5]\n\n---\n\nIf $A(x_1, y_1, z_1)$ and $B(x_2, y_2, z_2)$, then the position vector of $\\overrightarrow{AB}$ is\n$$ \\overrightarrow{AB} = \\overrightarrow{OB} - \\overrightarrow{OA} = \\begin{pmatrix} x_2 - x_1 \\\\ y_2 - y_1 \\\\ z_2 - z_1 \\end{pmatrix} = (x_2 - x_1)\\hat{\\mathbf{i}} + (y_2 - y_1)\\hat{\\mathbf{j}} + (z_2 - z_1)\\hat{\\mathbf{k}}. $$\n\n---\n\n### Magnitude of a Vector\nThe magnitude of a vector $\\overrightarrow{OP} = \\vec{p} = \\begin{pmatrix} a \\\\ b \\\\ c \\end{pmatrix}$ is\n$$ |\\overrightarrow{OP}| = |\\vec{p}| = \\sqrt{a^2 + b^2 + c^2}. $$\n\n**Example 2**\nIf $P(-3, 1, 2)$ and $Q(1, -1, 3)$, find:\n(a) $\\overrightarrow{OP}$\n(b) $\\overrightarrow{PQ}$\n(c) $|\\overrightarrow{PQ}|$\n(d) $\\overrightarrow{QP}$\n(e) $|\\overrightarrow{QP}|$\n\n**Solution**\n(a)\n$$ \\overrightarrow{OP} = \\begin{pmatrix} -3 \\\\ 1 \\\\ 2 \\end{pmatrix} = -3\\hat{\\mathbf{i}} + \\hat{\\mathbf{j}} + 2\\hat{\\mathbf{k}}. $$\n(b) $$ \\overrightarrow{PQ} = \\overrightarrow{OQ} - \\overrightarrow{OP} = \\begin{pmatrix} 1 - (-3) \\\\ -1 - 1 \\\\ 3 - 2 \\end{pmatrix} = \\begin{pmatrix} 4 \\\\ -2 \\\\ 1 \\end{pmatrix} = 4\\hat{\\mathbf{i}} - 2\\hat{\\mathbf{j}} + \\hat{\\mathbf{k}}. $\n(c) $$ |\\overrightarrow{PQ}| = \\sqrt{4^2 + (-2)^2 + 1^2} = \\sqrt{21}. $\n(d) $$ \\overrightarrow{QP} = \\overrightarrow{OP} - \\overrightarrow{OQ} = \\begin{pmatrix} -3 - 1 \\\\ 1 - (-1) \\\\ 2 - 3 \\end{pmatrix} = \\begin{pmatrix} -4 \\\\ 2 \\\\ -1 \\end{pmatrix} = -4\\hat{\\mathbf{i}} + 2\\hat{\\mathbf{j}} - \\hat{\\mathbf{k}}. $\n(e) $$ |\\overrightarrow{QP}| = \\sqrt{(-4)^2 + 2^2 + (-1)^2} = \\sqrt{21}. $\n\n---\n\n### Algebraic Operations with Vectors\n\n#### Negative Vector\nFor any vector $\\vec{a}$, the negative vector $-\\vec{a}$ has the same magnitude as $\\vec{a}$ but the opposite direction.\n\n[DIAGRAM:Chap4_Fig6]\n\nIf\n$$ \\vec{a} = \\begin{pmatrix} a_1 \\\\ a_2 \\\\ a_3 \\end{pmatrix}, $$\nthen\n$$ -\\vec{a} = \\begin{pmatrix} -a_1 \\\\ -a_2 \\\\ -a_3 \\end{pmatrix}. $$\n\n#### Zero Vector\nA vector whose magnitude is $0$ is called the zero vector. It is denoted by $\\vec{0}$.\nIn three dimensions,\n$$ \\vec{0} = \\begin{pmatrix} 0 \\\\ 0 \\\\ 0 \\end{pmatrix} = 0\\hat{\\mathbf{i}} + 0\\hat{\\mathbf{j}} + 0\\hat{\\mathbf{k}}. $$\nThe zero vector has no definite direction.\n\n#### Addition of Two Vectors\nIf\n$$ \\vec{a} = \\begin{pmatrix} a_1 \\\\ a_2 \\\\ a_3 \\end{pmatrix} \\quad \\text{and} \\quad \\vec{b} = \\begin{pmatrix} b_1 \\\\ b_2 \\\\ b_3 \\end{pmatrix}, $$\nthen\n$$ \\vec{a} + \\vec{b} = \\begin{pmatrix} a_1 + b_1 \\\\ a_2 + b_2 \\\\ a_3 + b_3 \\end{pmatrix}. $$\n\n[DIAGRAM:Chap4_Fig7]\n\n#### Subtraction of Two Vectors\nThe subtraction of two vectors is the addition of the negative vector:\n$$ \\vec{a} - \\vec{b} = \\vec{a} + (-\\vec{b}). $$\n\n[DIAGRAM:Chap4_Fig8]\n\nIf\n$$ \\vec{a} = \\begin{pmatrix} a_1 \\\\ a_2 \\\\ a_3 \\end{pmatrix} \\quad \\text{and} \\quad \\vec{b} = \\begin{pmatrix} b_1 \\\\ b_2 \\\\ b_3 \\end{pmatrix}, $$\nthen\n$$ \\vec{a} - \\vec{b} = \\begin{pmatrix} a_1 - b_1 \\\\ a_2 - b_2 \\\\ a_3 - b_3 \\end{pmatrix}. $$\n\n#### Scalar Multiplication of a Vector\nIf $k$ is a scalar and\n$$ \\vec{a} = \\begin{pmatrix} a_1 \\\\ a_2 \\\\ a_3 \\end{pmatrix}, $$\nthen\n$$ k\\vec{a} = \\begin{pmatrix} ka_1 \\\\ ka_2 \\\\ ka_3 \\end{pmatrix}. $$\n\n[DIAGRAM:Chap4_Fig9]\n\n**Example 3**\nIf $\\vec{p} = \\begin{pmatrix} 1 \\\\ -1 \\\\ 4 \\end{pmatrix}$ and $\\vec{q} = \\begin{pmatrix} -2 \\\\ 0 \\\\ 2 \\end{pmatrix}$, find:\n(a) $\\vec{p} + \\vec{q}$\n(b) $\\vec{p} - \\frac{1}{2}\\vec{q}$\n(c) $\\frac{3}{2}\\vec{q} - \\vec{p}$\n\n**Solution**\n(a)\n$$ \\vec{p} + \\vec{q} = \\begin{pmatrix} 1 \\\\ -1 \\\\ 4 \\end{pmatrix} + \\begin{pmatrix} -2 \\\\ 0 \\\\ 2 \\end{pmatrix} = \\begin{pmatrix} -1 \\\\ -1 \\\\ 6 \\end{pmatrix}. $$\n(b) $$ \\frac{1}{2}\\vec{q} = \\frac{1}{2}\\begin{pmatrix} -2 \\\\ 0 \\\\ 2 \\end{pmatrix} = \\begin{pmatrix} -1 \\\\ 0 \\\\ 1 \\end{pmatrix}. $\nTherefore,\n$$ \\vec{p} - \\frac{1}{2}\\vec{q} = \\begin{pmatrix} 1 \\\\ -1 \\\\ 4 \\end{pmatrix} - \\begin{pmatrix} -1 \\\\ 0 \\\\ 1 \\end{pmatrix} = \\begin{pmatrix} 2 \\\\ -1 \\\\ 3 \\end{pmatrix}. $$\n(c) $$ \\frac{3}{2}\\vec{q} = \\frac{3}{2}\\begin{pmatrix} -2 \\\\ 0 \\\\ 2 \\end{pmatrix} = \\begin{pmatrix} -3 \\\\ 0 \\\\ 3 \\end{pmatrix}. $\nTherefore,\n$$ \\frac{3}{2}\\vec{q} - \\vec{p} = \\begin{pmatrix} -3 \\\\ 0 \\\\ 3 \\end{pmatrix} - \\begin{pmatrix} 1 \\\\ -1 \\\\ 4 \\end{pmatrix} = \\begin{pmatrix} -4 \\\\ 1 \\\\ -1 \\end{pmatrix}. $$\n\n---\n\n### Equal Vectors\nTwo vectors are equal if they have the same magnitude and the same direction.\nIf\n$$ \\vec{a} = \\begin{pmatrix} a_1 \\\\ a_2 \\\\ a_3 \\end{pmatrix} \\quad \\text{and} \\quad \\vec{b} = \\begin{pmatrix} b_1 \\\\ b_2 \\\\ b_3 \\end{pmatrix}, $$\nthen\n$$ \\vec{a} = \\vec{b} \\iff a_1 = b_1, \\\\, a_2 = b_2, \\\\, a_3 = b_3. $$\n\n[DIAGRAM:Chap4_Fig10]\n\n### Parallel Vectors\nTwo non-zero vectors are parallel if one vector is a scalar multiple of the other.\nIf $\\vec{a}$ and $\\vec{b}$ are non-zero vectors, then\n$$ \\vec{a} \\parallel \\vec{b} \\iff \\vec{a} = k\\vec{b} $$\nfor some non-zero scalar $k$.\nIf $k > 0$, the vectors have the same direction. If $k < 0$, the vectors have opposite directions.\n\n[DIAGRAM:Chap4_Fig11]\n\n**Example 4**\nFind $u$ and $v$ given that\n$$ \\vec{a} = \\begin{pmatrix} -1 \\\\ -1 \\\\ u \\end{pmatrix} \\quad \\text{is parallel to} \\quad \\vec{b} = \\begin{pmatrix} v \\\\ 2 \\\\ -2 \\end{pmatrix}. $$\n\n**Solution**\nSince $\\vec{a}$ is parallel to $\\vec{b}$, one vector is a scalar multiple of the other. Let\n$$ \\vec{a} = k\\vec{b}. $$\nThen\n$$ \\begin{pmatrix} -1 \\\\ -1 \\\\ u \\end{pmatrix} = k\\begin{pmatrix} v \\\\ 2 \\\\ -2 \\end{pmatrix} = \\begin{pmatrix} kv \\\\ 2k \\\\ -2k \\end{pmatrix}. $$\nComparing corresponding components,\n$$ -1 = kv, \\quad -1 = 2k, \\quad u = -2k. $$\nFrom $-1 = 2k$,\n$$ k = -\\frac{1}{2}. $$\nTherefore,\n$$ -1 = -\\frac{1}{2}v \\implies v = 2, $$\nand\n$$ u = -2\\left(-\\frac{1}{2}\\right) = 1. $$\n$$ u = 1, \\quad v = 2. $$\n\n**Example 5**\n$ABCD$ is a parallelogram. If $A(-1, 1, 1)$, $B(2, 0, -2)$, and $D(3, 1, 4)$, find the coordinates of $C$.\n\n[DIAGRAM:Chap4_Fig12]\n\n**Solution**\nIn a parallelogram,\n$$ \\overrightarrow{AB} = \\overrightarrow{DC}. $$\nNow\n$$ \\overrightarrow{OA} = \\begin{pmatrix} -1 \\\\ 1 \\\\ 1 \\end{pmatrix} \\quad \\text{and} \\quad \\overrightarrow{OB} = \\begin{pmatrix} 2 \\\\ 0 \\\\ -2 \\end{pmatrix}. $$\nTherefore,\n$$ \\overrightarrow{AB} = \\overrightarrow{OB} - \\overrightarrow{OA} = \\begin{pmatrix} 2 \\\\ 0 \\\\ -2 \\end{pmatrix} - \\begin{pmatrix} -1 \\\\ 1 \\\\ 1 \\end{pmatrix} = \\begin{pmatrix} 3 \\\\ -1 \\\\ -3 \\end{pmatrix}. $$\nLet $C(x, y, z)$. Then\n$$ \\overrightarrow{OC} = \\begin{pmatrix} x \\\\ y \\\\ z \\end{pmatrix} \\quad \\text{and} \\quad \\overrightarrow{OD} = \\begin{pmatrix} 3 \\\\ 1 \\\\ 4 \\end{pmatrix}. $$\nTherefore,\n$$ \\overrightarrow{DC} = \\overrightarrow{OC} - \\overrightarrow{OD} = \\begin{pmatrix} x - 3 \\\\ y - 1 \\\\ z - 4 \\end{pmatrix}. $$\nSince $\\overrightarrow{AB} = \\overrightarrow{DC}$,\n$$ \\begin{pmatrix} x - 3 \\\\ y - 1 \\\\ z - 4 \\end{pmatrix} = \\begin{pmatrix} 3 \\\\ -1 \\\\ -3 \\end{pmatrix}. $$\nTherefore,\n$$ x - 3 = 3 \\implies x = 6, $$\n$$ y - 1 = -1 \\implies y = 0, $$\n$$ z - 4 = -3 \\implies z = 1. $$\nThus the coordinates of $C$ are\n$$ C(6, 0, 1). $$\n\n---\n\n### Unit Vector\nA vector whose magnitude is $1$ is called a unit vector.\nIf $\\vec{a}$ is a non-zero vector, then the unit vector in the direction of $\\vec{a}$ is\n$$ \\hat{\\mathbf{a}} = \\frac{\\vec{a}}{|\\vec{a}|}. $$\nIf $\\vec{a} = \\begin{pmatrix} a_1 \\\\ a_2 \\\\ a_3 \\end{pmatrix}$, then $|\\vec{a}| = \\sqrt{a_1^2 + a_2^2 + a_3^2}$ and\n$$ \\hat{\\mathbf{a}} = \\frac{1}{\\sqrt{a_1^2 + a_2^2 + a_3^2}}\\begin{pmatrix} a_1 \\\\ a_2 \\\\ a_3 \\end{pmatrix}. $$\n\n[DIAGRAM:Chap4_Fig13]\n$|\\hat{\\mathbf{a}}| = 1$ and $\\hat{\\mathbf{a}}$ has the same direction as $\\vec{a}$.\n\n\n**Example 6**\nLet $\\vec{a} = \\begin{pmatrix} 2 \\\\ -2 \\\\ 1 \\end{pmatrix}$.\n(a) Find the unit vector in the same direction as $\\vec{a}$.\n(b) Find a vector of magnitude $5$ that is parallel to $\\vec{a}$.\n\n**Solution**\nFirst find the magnitude of $\\vec{a}$:\n$$ |\\vec{a}| = \\sqrt{2^2 + (-2)^2 + 1^2} = \\sqrt{4 + 4 + 1} = 3. $$\n(a) The unit vector in the same direction as $\\vec{a}$ is\n$$ \\hat{\\mathbf{a}} = \\frac{\\vec{a}}{|\\vec{a}|} = \\frac{1}{3}\\begin{pmatrix} 2 \\\\ -2 \\\\ 1 \\end{pmatrix} = \\begin{pmatrix} \\frac{2}{3} \\\\ -\\frac{2}{3} \\\\ \\frac{1}{3} \\end{pmatrix}. $$\n(b) Let a vector of magnitude $5$ that is parallel to $\\vec{a}$ be $\\vec{b}$. Therefore,\n$$ |\\vec{b}| = 5. $$\nSince $\\vec{b}$ is parallel to $\\vec{a}$, $\\vec{b}$ may have the same direction as $\\vec{a}$ or the opposite direction to $\\vec{a}$.\n\n[DIAGRAM:Chap4_Fig14]\n\nIf $\\vec{b}$ has the same direction as $\\vec{a}$, then $\\hat{\\mathbf{b}} = \\hat{\\mathbf{a}}$. So\n$$ \\hat{\\mathbf{b}} = \\frac{\\vec{b}}{|\\vec{b}|} $$\n$$ \\vec{b} = |\\vec{b}|\\hat{\\mathbf{b}} = 5\\hat{\\mathbf{a}} = 5\\begin{pmatrix} \\frac{2}{3} \\\\ -\\frac{2}{3} \\\\ \\frac{1}{3} \\end{pmatrix} = \\begin{pmatrix} \\frac{10}{3} \\\\ -\\frac{10}{3} \\\\ \\frac{5}{3} \\end{pmatrix}. $$\n\nIf $\\vec{b}$ has the opposite direction to $\\vec{a}$, then $\\hat{\\mathbf{b}} = -\\hat{\\mathbf{a}}$. Therefore,\n$$ \\vec{b} = |\\vec{b}|\\hat{\\mathbf{b}} = 5(-\\hat{\\mathbf{a}}) = -5\\begin{pmatrix} \\frac{2}{3} \\\\ -\\frac{2}{3} \\\\ \\frac{1}{3} \\end{pmatrix} = \\begin{pmatrix} -\\frac{10}{3} \\\\ \\frac{10}{3} \\\\ -\\frac{5}{3} \\end{pmatrix}. $$\n\nThus the possible vectors are\n$$ \\vec{b} = \\begin{pmatrix} \\frac{10}{3} \\\\ -\\frac{10}{3} \\\\ \\frac{5}{3} \\end{pmatrix} \\quad \\text{or} \\quad \\vec{b} = \\begin{pmatrix} -\\frac{10}{3} \\\\ \\frac{10}{3} \\\\ -\\frac{5}{3} \\end{pmatrix}. $$\n\n---\n\n### Collinear Points\nThree or more points are collinear if they lie on the same straight line.\nLet $A, B$, and $C$ be three points in space. Then $A, B$, and $C$ are collinear if the vectors $\\overrightarrow{AB}$ and $\\overrightarrow{AC}$ are parallel. That is,\n$$ A, B, C \\text{ are collinear} \\iff \\overrightarrow{AB} = k\\overrightarrow{AC} $$\nfor some non-zero scalar $k$.\n\n[DIAGRAM:Chap4_Fig15]\n$\\overrightarrow{AB} \\parallel \\overrightarrow{AC}$\n\n**Example 7**\nProve that $A(8, 2, 2)$, $C(20, 5, 5)$, and $B(12, 3, 3)$ are collinear.\n\n**Solution**\nFind two vectors starting from $A$:\n$$ \\overrightarrow{AB} = \\overrightarrow{OB} - \\overrightarrow{OA} = \\begin{pmatrix} 12 \\\\ 3 \\\\ 3 \\end{pmatrix} - \\begin{pmatrix} 8 \\\\ 2 \\\\ 2 \\end{pmatrix} = \\begin{pmatrix} 4 \\\\ 1 \\\\ 1 \\end{pmatrix}. $$\nAlso,\n$$ \\overrightarrow{AC} = \\overrightarrow{OC} - \\overrightarrow{OA} = \\begin{pmatrix} 20 \\\\ 5 \\\\ 5 \\end{pmatrix} - \\begin{pmatrix} 8 \\\\ 2 \\\\ 2 \\end{pmatrix} = \\begin{pmatrix} 12 \\\\ 3 \\\\ 3 \\end{pmatrix}. $$\nNow\n$$ \\overrightarrow{AC} = 3\\overrightarrow{AB}. $$\nTherefore, $\\overrightarrow{AB}$ and $\\overrightarrow{AC}$ are parallel. Also, $A$ is common to both $\\overrightarrow{AB}$ and $\\overrightarrow{AC}$. Hence, the points $A, B$ and $C$ are collinear.\n\n---\n\n## Exercise 4.1\n**1. Question**\nLet\n$$ \\vec{a} = \\begin{pmatrix} 5 \\\\ -2 \\\\ -4 \\end{pmatrix}, \\quad \\vec{b} = \\begin{pmatrix} 3 \\\\ -6 \\\\ 1 \\end{pmatrix}, \\quad \\text{and} \\quad \\vec{c} = \\begin{pmatrix} 0 \\\\ 7 \\\\ -1 \\end{pmatrix}. $$\nFind the following vectors.\n(a) $3\\vec{a}$\n(b) $4\\vec{b}$\n(c) $\\vec{a} - \\vec{b}$\n(d) $\\vec{b} + \\vec{c}$\n(e) $2\\vec{b} + \\vec{c}$\n(f) $\\vec{a} - 2\\vec{b}$\n(g) $\\vec{a} + \\vec{b} - 2\\vec{c}$\n(h) $3\\vec{a} - \\vec{b} + \\vec{c}$\n\n**Solution**\nGiven\n$$ \\vec{a} = \\begin{pmatrix} 5 \\\\ -2 \\\\ -4 \\end{pmatrix}, \\quad \\vec{b} = \\begin{pmatrix} 3 \\\\ -6 \\\\ 1 \\end{pmatrix}, \\quad \\vec{c} = \\begin{pmatrix} 0 \\\\ 7 \\\\ -1 \\end{pmatrix}. $$\n$$ \\begin{alignedat}{2}\n\\text{(a)} && 3\\vec{a} &= 3\\begin{pmatrix} 5 \\\\ -2 \\\\ -4 \\end{pmatrix} = \\begin{pmatrix} 15 \\\\ -6 \\\\ -12 \\end{pmatrix}. \\\\\n\\text{(b)} && 4\\vec{b} &= 4\\begin{pmatrix} 3 \\\\ -6 \\\\ 1 \\end{pmatrix} = \\begin{pmatrix} 12 \\\\ -24 \\\\ 4 \\end{pmatrix}. \\\\\n\\text{(c)} && \\vec{a} - \\vec{b} &= \\begin{pmatrix} 5 \\\\ -2 \\\\ -4 \\end{pmatrix} - \\begin{pmatrix} 3 \\\\ -6 \\\\ 1 \\end{pmatrix} = \\begin{pmatrix} 2 \\\\ 4 \\\\ -5 \\end{pmatrix}. \\\\\n\\text{(d)} && \\vec{b} + \\vec{c} &= \\begin{pmatrix} 3 \\\\ -6 \\\\ 1 \\end{pmatrix} + \\begin{pmatrix} 0 \\\\ 7 \\\\ -1 \\end{pmatrix} = \\begin{pmatrix} 3 \\\\ 1 \\\\ 0 \\end{pmatrix}. \\\\\n\\text{(e)} && 2\\vec{b} + \\vec{c} &= 2\\begin{pmatrix} 3 \\\\ -6 \\\\ 1 \\end{pmatrix} + \\begin{pmatrix} 0 \\\\ 7 \\\\ -1 \\end{pmatrix} = \\begin{pmatrix} 6 \\\\ -5 \\\\ 1 \\end{pmatrix}. \\\\\n\\text{(f)} && \\vec{a} - 2\\vec{b} &= \\begin{pmatrix} 5 \\\\ -2 \\\\ -4 \\end{pmatrix} - 2\\begin{pmatrix} 3 \\\\ -6 \\\\ 1 \\end{pmatrix} = \\begin{pmatrix} -1 \\\\ 10 \\\\ -6 \\end{pmatrix}. \\\\\n\\text{(g)} && \\vec{a} + \\vec{b} - 2\\vec{c} &= \\begin{pmatrix} 5 \\\\ -2 \\\\ -4 \\end{pmatrix} + \\begin{pmatrix} 3 \\\\ -6 \\\\ 1 \\end{pmatrix} - 2\\begin{pmatrix} 0 \\\\ 7 \\\\ -1 \\end{pmatrix} = \\begin{pmatrix} 8 \\\\ -22 \\\\ -1 \\end{pmatrix}. \\\\\n\\text{(h)} && 3\\vec{a} - \\vec{b} + \\vec{c} &= 3\\begin{pmatrix} 5 \\\\ -2 \\\\ -4 \\end{pmatrix} - \\begin{pmatrix} 3 \\\\ -6 \\\\ 1 \\end{pmatrix} + \\begin{pmatrix} 0 \\\\ 7 \\\\ -1 \\end{pmatrix} = \\begin{pmatrix} 12 \\\\ 7 \\\\ -14 \\end{pmatrix}.\n\\end{alignedat} $\n\n**2. Question**\nGiven vectors\n$$ \\vec{a} = \\begin{pmatrix} 1 \\\\ 2 \\\\ 7 \\end{pmatrix}, \\quad \\vec{b} = \\begin{pmatrix} -3 \\\\ 4 \\\\ 2 \\end{pmatrix}, \\quad \\vec{c} = \\begin{pmatrix} -2 \\\\ p \\\\ q \\end{pmatrix}. $$\n(a) Find the values of $p$ and $q$ such that $\\vec{c}$ is parallel to $\\vec{a}$.\n(b) Find the value of scalar $k$ such that $\\vec{a} + k\\vec{b}$ is parallel to vector $\\begin{pmatrix} 0 \\\\ 10 \\\\ 23 \\end{pmatrix}$.\n\n**Solution**\nGiven\n$$ \\vec{a} = \\begin{pmatrix} 1 \\\\ 2 \\\\ 7 \\end{pmatrix}, \\quad \\vec{b} = \\begin{pmatrix} -3 \\\\ 4 \\\\ 2 \\end{pmatrix}, \\quad \\vec{c} = \\begin{pmatrix} -2 \\\\ p \\\\ q \\end{pmatrix}. $$\n(a) Since $\\vec{c}$ is parallel to $\\vec{a}$, let $\\vec{c} = m\\vec{a}$.\n$$ \\begin{pmatrix} -2 \\\\ p \\\\ q \\end{pmatrix} = m\\begin{pmatrix} 1 \\\\ 2 \\\\ 7 \\end{pmatrix} = \\begin{pmatrix} m \\\\ 2m \\\\ 7m \\end{pmatrix}. $$\nComparing corresponding components,\n$$ \\begin{aligned}\nm &= -2, \\\\\np &= 2m = 2(-2) = -4, \\\\\nq &= 7m = 7(-2) = -14.\n\\end{aligned} $$\n(b) First find $\\vec{a} + k\\vec{b}$:\n$$ \\vec{a} + k\\vec{b} = \\begin{pmatrix} 1 \\\\ 2 \\\\ 7 \\end{pmatrix} + k\\begin{pmatrix} -3 \\\\ 4 \\\\ 2 \\end{pmatrix} = \\begin{pmatrix} 1 - 3k \\\\ 2 + 4k \\\\ 7 + 2k \\end{pmatrix}. $$\nSince this vector is parallel to $\\begin{pmatrix} 0 \\\\ 10 \\\\ 23 \\end{pmatrix}$, let\n$$ \\begin{pmatrix} 1 - 3k \\\\ 2 + 4k \\\\ 7 + 2k \\end{pmatrix} = \\lambda\\begin{pmatrix} 0 \\\\ 10 \\\\ 23 \\end{pmatrix}. $$\nComparing the first components,\n$$ 1 - 3k = 0 \\implies 3k = 1 \\implies k = \\frac{1}{3}. $$\nCheck by substitution:\n$$ \\vec{a} + \\frac{1}{3}\\vec{b} = \\begin{pmatrix} 1 - 3(\\frac{1}{3}) \\\\ 2 + 4(\\frac{1}{3}) \\\\ 7 + 2(\\frac{1}{3}) \\end{pmatrix} = \\begin{pmatrix} 0 \\\\ \\frac{10}{3} \\\\ \\frac{23}{3} \\end{pmatrix} = \\frac{1}{3}\\begin{pmatrix} 0 \\\\ 10 \\\\ 23 \\end{pmatrix}. $$\nThe required value is $k = \\frac{1}{3}$.\n\n**3. Question**\nPoints $A, B, C$, and $D$ have position vectors\n$$ \\vec{a} = \\begin{pmatrix} 3 \\\\ -1 \\\\ 1 \\end{pmatrix}, \\quad \\vec{b} = \\begin{pmatrix} 5 \\\\ 0 \\\\ 3 \\end{pmatrix}, \\quad \\vec{c} = \\begin{pmatrix} 7 \\\\ 8 \\\\ -3 \\end{pmatrix}, \\quad \\text{and} \\quad \\vec{d} = \\begin{pmatrix} 4 \\\\ 3 \\\\ -2 \\end{pmatrix}, $$\nrespectively. Point $E$ is the midpoint of $BC$.\n(a) Find the position vector of $E$.\n(b) Show that $ABED$ is a parallelogram.\n\n**Solution**\nGiven\n$$ \\overrightarrow{OA} = \\begin{pmatrix} 3 \\\\ -1 \\\\ 1 \\end{pmatrix}, \\quad \\overrightarrow{OB} = \\begin{pmatrix} 5 \\\\ 0 \\\\ 3 \\end{pmatrix}, \\quad \\overrightarrow{OC} = \\begin{pmatrix} 7 \\\\ 8 \\\\ -3 \\end{pmatrix}, \\quad \\overrightarrow{OD} = \\begin{pmatrix} 4 \\\\ 3 \\\\ -2 \\end{pmatrix}. $$\n(a) Point $E$ is the midpoint of $BC$.\n$$ \\begin{aligned} \\overrightarrow{OE} &= \\frac{1}{2}(\\overrightarrow{OB} + \\overrightarrow{OC}) \\\\ &= \\frac{1}{2}\\left[ \\begin{pmatrix} 5 \\\\ 0 \\\\ 3 \\end{pmatrix} + \\begin{pmatrix} 7 \\\\ 8 \\\\ -3 \\end{pmatrix} \\right] \\\\ &= \\frac{1}{2}\\begin{pmatrix} 12 \\\\ 8 \\\\ 0 \\end{pmatrix} \\\\ &= \\begin{pmatrix} 6 \\\\ 4 \\\\ 0 \\end{pmatrix}. \\end{aligned} $$\nThe position vector of $E$ is $\\overrightarrow{OE} = \\begin{pmatrix} 6 \\\\ 4 \\\\ 0 \\end{pmatrix}.$\n(b) \n$$ \\overrightarrow{AB} = \\overrightarrow{OB} - \\overrightarrow{OA} = \\begin{pmatrix} 5 \\\\ 0 \\\\ 3 \\end{pmatrix} - \\begin{pmatrix} 3 \\\\ -1 \\\\ 1 \\end{pmatrix} = \\begin{pmatrix} 2 \\\\ 1 \\\\ 2 \\end{pmatrix}. $$\n$$ \\overrightarrow{DE} = \\overrightarrow{OE} - \\overrightarrow{OD} = \\begin{pmatrix} 6 \\\\ 4 \\\\ 0 \\end{pmatrix} - \\begin{pmatrix} 4 \\\\ 3 \\\\ -2 \\end{pmatrix} = \\begin{pmatrix} 2 \\\\ 1 \\\\ 2 \\end{pmatrix}. $$\nSince $\\overrightarrow{AB} = \\overrightarrow{DE}$ and also:\n$$ \\overrightarrow{AD} = \\overrightarrow{OD} - \\overrightarrow{OA} = \\begin{pmatrix} 4 \\\\ 3 \\\\ -2 \\end{pmatrix} - \\begin{pmatrix} 3 \\\\ -1 \\\\ 1 \\end{pmatrix} = \\begin{pmatrix} 1 \\\\ 4 \\\\ -3 \\end{pmatrix}. $$\n$$ \\overrightarrow{BE} = \\overrightarrow{OE} - \\overrightarrow{OB} = \\begin{pmatrix} 6 \\\\ 4 \\\\ 0 \\end{pmatrix} - \\begin{pmatrix} 5 \\\\ 0 \\\\ 3 \\end{pmatrix} = \\begin{pmatrix} 1 \\\\ 4 \\\\ -3 \\end{pmatrix}. $$\n$\\overrightarrow{AD} = \\overrightarrow{BE}$. Therefore, $ABED$ is a parallelogram.\n\n**4. Question**\nPoints $A, B$, and $C$ have position vectors\n$$ \\vec{a} = \\begin{pmatrix} 2 \\\\ -1 \\\\ 4 \\end{pmatrix}, \\quad \\vec{b} = \\begin{pmatrix} 5 \\\\ 1 \\\\ 2 \\end{pmatrix}, \\quad \\text{and} \\quad \\vec{c} = \\begin{pmatrix} 3 \\\\ 1 \\\\ 4 \\end{pmatrix}, $$\nrespectively. Find the position vector of point $D$ such that $ABCD$ is a parallelogram.\n\n**Solution**\nGiven\n$$ \\overrightarrow{OA} = \\begin{pmatrix} 2 \\\\ -1 \\\\ 4 \\end{pmatrix}, \\quad \\overrightarrow{OB} = \\begin{pmatrix} 5 \\\\ 1 \\\\ 2 \\end{pmatrix}, \\quad \\overrightarrow{OC} = \\begin{pmatrix} 3 \\\\ 1 \\\\ 4 \\end{pmatrix}. $$\nSince $ABCD$ is a parallelogram, opposite sides are equal and parallel.\n$$ \\overrightarrow{AB} = \\overrightarrow{DC}. $$\n$$ \\overrightarrow{AB} = \\overrightarrow{OB} - \\overrightarrow{OA} \\quad \\text{and} \\quad \\overrightarrow{DC} = \\overrightarrow{OC} - \\overrightarrow{OD}. $$\nSince $\\overrightarrow{AB} = \\overrightarrow{DC}$,\n$$ \\overrightarrow{OB} - \\overrightarrow{OA} = \\overrightarrow{OC} - \\overrightarrow{OD}. $$\n$$ \\begin{aligned} \\overrightarrow{OD} &= \\overrightarrow{OC} - \\overrightarrow{OB} + \\overrightarrow{OA} \\\\ &= \\begin{pmatrix} 3 \\\\ 1 \\\\ 4 \\end{pmatrix} - \\begin{pmatrix} 5 \\\\ 1 \\\\ 2 \\end{pmatrix} + \\begin{pmatrix} 2 \\\\ -1 \\\\ 4 \\end{pmatrix} \\\\ &= \\begin{pmatrix} -2 \\\\ 0 \\\\ 2 \\end{pmatrix} + \\begin{pmatrix} 2 \\\\ -1 \\\\ 4 \\end{pmatrix} \\\\ &= \\begin{pmatrix} 0 \\\\ -1 \\\\ 6 \\end{pmatrix}. \\end{aligned} $$\nThe position vector of $D$ is $\\overrightarrow{OD} = \\begin{pmatrix} 0 \\\\ -1 \\\\ 6 \\end{pmatrix}.$\n\n**5. Question**\n$K(1, -1, 0)$, $L(4, -3, 7)$, and $M(a, 2, b)$ are collinear. Find $a$ and $b$.\n\n**Solution**\nGiven\n$$ \\overrightarrow{OK} = \\begin{pmatrix} 1 \\\\ -1 \\\\ 0 \\end{pmatrix}, \\quad \\overrightarrow{OL} = \\begin{pmatrix} 4 \\\\ -3 \\\\ 7 \\end{pmatrix}, \\quad \\overrightarrow{OM} = \\begin{pmatrix} a \\\\ 2 \\\\ b \\end{pmatrix}. $$\nSince $K, L$, and $M$ are collinear, $\\overrightarrow{KM}$ is parallel to $\\overrightarrow{KL}$.\n$$ \\overrightarrow{KL} = \\overrightarrow{OL} - \\overrightarrow{OK} = \\begin{pmatrix} 4 \\\\ -3 \\\\ 7 \\end{pmatrix} - \\begin{pmatrix} 1 \\\\ -1 \\\\ 0 \\end{pmatrix} = \\begin{pmatrix} 3 \\\\ -2 \\\\ 7 \\end{pmatrix}. $$\n$$ \\overrightarrow{KM} = \\overrightarrow{OM} - \\overrightarrow{OK} = \\begin{pmatrix} a \\\\ 2 \\\\ b \\end{pmatrix} - \\begin{pmatrix} 1 \\\\ -1 \\\\ 0 \\end{pmatrix} = \\begin{pmatrix} a - 1 \\\\ 3 \\\\ b \\end{pmatrix}. $$\nLet $\\overrightarrow{KM} = t\\overrightarrow{KL}$. Then\n$$ \\begin{pmatrix} a - 1 \\\\ 3 \\\\ b \\end{pmatrix} = t\\begin{pmatrix} 3 \\\\ -2 \\\\ 7 \\end{pmatrix}. $$\nFrom $3 = -2t$, we get $t = -\\frac{3}{2}$.\n$$ a - 1 = 3\\left(-\\frac{3}{2}\\right) = -\\frac{9}{2} \\implies a = -\\frac{7}{2}. $$\n$$ b = 7\\left(-\\frac{3}{2}\\right) = -\\frac{21}{2}. $$\n\n\n\n\n## 4.2 Angle between Two Vectors and Scalar Product\n\nFirst we consider the angle between two vectors $\\vec{a}$ and $\\vec{b}$ in two dimensions. Let\n$$ \\overrightarrow{OA} = \\vec{a} = \\begin{pmatrix} x_1 \\\\ y_1 \\end{pmatrix}, \\quad \\overrightarrow{OB} = \\vec{b} = \\begin{pmatrix} x_2 \\\\ y_2 \\end{pmatrix}, $$\nand let $\\theta$ be the angle between them.\n\n**Diagram**\n[DIAGRAM:Chap4_AngleBetweenVectors]\n\nIn triangle $OAB$,\n$$ OA = |\\vec{a}|, \\quad OB = |\\vec{b}|, \\quad AB = |\\vec{b} - \\vec{a}|. $$\nBy the cosine rule,\n$$ |AB|^2 = |OA|^2 + |OB|^2 - 2|OA||OB|\\cos\\theta. $$\nTherefore,\n$$ |\\vec{b} - \\vec{a}|^2 = |\\vec{a}|^2 + |\\vec{b}|^2 - 2|\\vec{a}||\\vec{b}|\\cos\\theta. \\quad (1) $$\nNow,\n$$ \\vec{b} - \\vec{a} = \\begin{pmatrix} x_2 \\\\ y_2 \\end{pmatrix} - \\begin{pmatrix} x_1 \\\\ y_1 \\end{pmatrix} = \\begin{pmatrix} x_2 - x_1 \\\\ y_2 - y_1 \\end{pmatrix}. $$\nHence\n$$ \\begin{aligned} |\\vec{b} - \\vec{a}|^2 &= (x_2 - x_1)^2 + (y_2 - y_1)^2 \\\\ &= x_1^2 + y_1^2 + x_2^2 + y_2^2 - 2(x_1x_2 + y_1y_2) \\\\ &= |\\vec{a}|^2 + |\\vec{b}|^2 - 2(x_1x_2 + y_1y_2). \\quad (2) \\end{aligned} $$\nComparing (1) and (2), the left sides are the same. Hence the right sides are equal:\n$$ |\\vec{a}|^2 + |\\vec{b}|^2 - 2|\\vec{a}||\\vec{b}|\\cos\\theta = |\\vec{a}|^2 + |\\vec{b}|^2 - 2(x_1x_2 + y_1y_2). $$\nSubtracting $|\\vec{a}|^2 + |\\vec{b}|^2$ from both sides,\n$$ -2|\\vec{a}||\\vec{b}|\\cos\\theta = -2(x_1x_2 + y_1y_2). $$\nDividing both sides by $-2|\\vec{a}||\\vec{b}|$, we get\n$$ \\cos\\theta = \\frac{x_1x_2 + y_1y_2}{|\\vec{a}||\\vec{b}|}. $$\n\nFor two-dimensional vectors, the dot product of $\\vec{a}$ and $\\vec{b}$ is\n$$ \\vec{a} \\cdot \\vec{b} = x_1x_2 + y_1y_2. $$\n\nSimilarly, for three-dimensional vectors, let\n$$ \\vec{a} = \\begin{pmatrix} x_1 \\\\ y_1 \\\\ z_1 \\end{pmatrix}, \\quad \\vec{b} = \\begin{pmatrix} x_2 \\\\ y_2 \\\\ z_2 \\end{pmatrix}. $$\nThen the dot product of $\\vec{a}$ and $\\vec{b}$ is\n$$ \\vec{a} \\cdot \\vec{b} = x_1x_2 + y_1y_2 + z_1z_2. $$\n\nAlso,\n**Definition**\n$$ \\vec{a} \\cdot \\vec{b} = |\\vec{a}||\\vec{b}|\\cos\\theta $$\nHence\n**Definition**\n$$ \\cos\\theta = \\frac{\\vec{a} \\cdot \\vec{b}}{|\\vec{a}||\\vec{b}|} $$\n\n**Example 8**\nFind the angle between the two vectors $\\begin{pmatrix} 3 \\\\ 4 \\end{pmatrix}$ and $\\begin{pmatrix} 5 \\\\ -12 \\end{pmatrix}$.\n\n**Solution**\nLet\n$$ \\vec{a} = \\begin{pmatrix} 3 \\\\ 4 \\end{pmatrix} \\quad \\text{and} \\quad \\vec{b} = \\begin{pmatrix} 5 \\\\ -12 \\end{pmatrix}. $$\n$$ \\cos\\theta = \\frac{\\vec{a} \\cdot \\vec{b}}{|\\vec{a}||\\vec{b}|} $$\n$$ \\begin{aligned} \\vec{a} \\cdot \\vec{b} &= \\begin{pmatrix} 3 \\\\ 4 \\end{pmatrix} \\cdot \\begin{pmatrix} 5 \\\\ -12 \\end{pmatrix} \\\\ &= (3)(5) + (4)(-12) \\\\ &= 15 - 48 \\\\ &= -33. \\end{aligned} $$\n$$ |\\vec{a}| = \\sqrt{3^2 + 4^2} = 5, \\quad |\\vec{b}| = \\sqrt{5^2 + (-12)^2} = 13. $$\n$$ \\cos\\theta = \\frac{-33}{(5)(13)} = -\\frac{33}{65}. $$\n$$ \\theta = \\cos^{-1}\\left(-\\frac{33}{65}\\right) \\approx 120.5^\\circ. $$\n$$ 120.5^\\circ $$\n\n**Example 9**\nGiven points $P(1, 0, -1)$, $Q(2, 4, 1)$, and $R(3, 5, 6)$, find $\\angle QPR$.\n\n**Solution**\n[DIAGRAM:Chap4_Ex9]\n\n$\\angle QPR$ is the angle between $\\overrightarrow{PQ}$ and $\\overrightarrow{PR}$.\n$$ \\begin{aligned} \\overrightarrow{PQ} &= \\overrightarrow{OQ} - \\overrightarrow{OP} & \\overrightarrow{PR} &= \\overrightarrow{OR} - \\overrightarrow{OP} \\\\ &= \\begin{pmatrix} 2 \\\\ 4 \\\\ 1 \\end{pmatrix} - \\begin{pmatrix} 1 \\\\ 0 \\\\ -1 \\end{pmatrix} & &= \\begin{pmatrix} 3 \\\\ 5 \\\\ 6 \\end{pmatrix} - \\begin{pmatrix} 1 \\\\ 0 \\\\ -1 \\end{pmatrix} \\\\ &= \\begin{pmatrix} 1 \\\\ 4 \\\\ 2 \\end{pmatrix} & &= \\begin{pmatrix} 2 \\\\ 5 \\\\ 7 \\end{pmatrix} \\end{aligned} $$\n\n$$ \\begin{aligned} \\overrightarrow{PQ} \\cdot \\overrightarrow{PR} &= \\begin{pmatrix} 1 \\\\ 4 \\\\ 2 \\end{pmatrix} \\cdot \\begin{pmatrix} 2 \\\\ 5 \\\\ 7 \\end{pmatrix} \\\\ &= (1)(2) + (4)(5) + (2)(7) \\\\ &= 2 + 20 + 14 \\\\ &= 36. \\end{aligned} $$\n\n$$ \\begin{aligned} |\\overrightarrow{PQ}| &= \\sqrt{1^2 + 4^2 + 2^2} & |\\overrightarrow{PR}| &= \\sqrt{2^2 + 5^2 + 7^2} \\\\ &= \\sqrt{1 + 16 + 4} & &= \\sqrt{4 + 25 + 49} \\\\ &= \\sqrt{21} & &= \\sqrt{78}. \\end{aligned} $$\n\n$$ \\cos\\theta = \\frac{\\overrightarrow{PQ} \\cdot \\overrightarrow{PR}}{|\\overrightarrow{PQ}||\\overrightarrow{PR}|} = \\frac{36}{\\sqrt{21}\\sqrt{78}}. $$\n$$ \\theta = \\cos^{-1}\\left(\\frac{36}{\\sqrt{21}\\sqrt{78}}\\right) \\approx 27.2^\\circ. $$\n\nTherefore,\n$$ \\angle QPR \\approx 27.2^\\circ $$\n\n**Algebraic Properties of the Scalar Product**\n\nLet $\\vec{a}$, $\\vec{b}$, and $\\vec{c}$ be vectors, and let $k$ be a scalar. The scalar product has the following algebraic properties.\n\n**General Rule: Properties of the Scalar Product**\n(1) Commutative property: $$ \\vec{a} \\cdot \\vec{b} = \\vec{b} \\cdot \\vec{a}. $\n(2) Distributive property: $$ \\vec{a} \\cdot (\\vec{b} + \\vec{c}) = \\vec{a} \\cdot \\vec{b} + \\vec{a} \\cdot \\vec{c}. $\n(3) Scalar multiplication: $$ (k\\vec{a}) \\cdot \\vec{b} = k(\\vec{a} \\cdot \\vec{b}) = \\vec{a} \\cdot (k\\vec{b}). $\n(4) Multiplication by a negative scalar: $$ (-\\vec{a}) \\cdot \\vec{b} = -(\\vec{a} \\cdot \\vec{b}) = \\vec{a} \\cdot (-\\vec{b}). $\n(5) Product of a vector with itself: $$ \\vec{a} \\cdot \\vec{a} = |\\vec{a}|^2. $\n(6) Zero vector property: $$ \\vec{a} \\cdot \\vec{0} = 0. $\n\nThese properties help us simplify expressions involving scalar products in the same way that algebraic rules help us simplify ordinary products.\n\n**Geometric Properties of the Scalar Product**\n\nThe scalar product helps us decide whether two non-zero vectors are perpendicular or parallel.\n\n**General Rule: Geometric Properties of the Scalar Product**\nLet $\\theta$ be the angle between non-zero vectors $\\vec{a}$ and $\\vec{b}$.\n$$ \\vec{a} \\cdot \\vec{b} = |\\vec{a}||\\vec{b}|\\cos\\theta. $$\nIn particular, when $\\vec{b} = \\vec{a}$, the angle is $0^\\circ$. Therefore,\n$$ \\vec{a} \\cdot \\vec{a} = |\\vec{a}||\\vec{a}|\\cos 0^\\circ = |\\vec{a}|^2. $$\n(1) Perpendicular vectors: $$ \\vec{a} \\cdot \\vec{b} = 0 \\iff \\theta = 90^\\circ. $\n(2) Parallel in the same direction: $$ \\vec{a} \\cdot \\vec{b} = |\\vec{a}||\\vec{b}| \\iff \\theta = 0^\\circ. $\n(3) Parallel in the opposite direction: $$ \\vec{a} \\cdot \\vec{b} = -|\\vec{a}||\\vec{b}| \\iff \\theta = 180^\\circ. $\n\nThus, if the scalar product is zero, the vectors are perpendicular. If the scalar product is equal to the product of their magnitudes, the vectors are parallel in the same direction. If it is the negative of the product of their magnitudes, the vectors are parallel in the opposite direction.\n\n**Example 10**\nGiven that vectors $\\vec{a}$ and $\\vec{b}$ are perpendicular such that $|\\vec{a}| = 3$ and $|\\vec{b}| = 1$, evaluate\n$$ (\\vec{a} - \\vec{b}) \\cdot (\\vec{a} + 5\\vec{b}). $$\n\n**Solution**\nSince $\\vec{a}$ and $\\vec{b}$ are perpendicular,\n$$ \\vec{a} \\cdot \\vec{b} = \\vec{b} \\cdot \\vec{a} = 0. $$\nNow,\n$$ \\begin{aligned} (\\vec{a} - \\vec{b}) \\cdot (\\vec{a} + 5\\vec{b}) &= \\vec{a} \\cdot \\vec{a} + 5\\vec{a} \\cdot \\vec{b} - \\vec{b} \\cdot \\vec{a} - 5\\vec{b} \\cdot \\vec{b} \\\\ &= |\\vec{a}|^2 + 5(0) - 0 - 5|\\vec{b}|^2 \\\\ &= 3^2 - 5(1^2) \\\\ &= 9 - 5 \\\\ &= 4. \\end{aligned} $$\n\n**Example 11**\nPoints $A, B$, and $C$ have position vectors\n$$ \\vec{a} = k\\begin{pmatrix} 2 \\\\ -1 \\\\ 1 \\end{pmatrix}, \\quad \\vec{b} = \\begin{pmatrix} 3 \\\\ 2 \\\\ -2 \\end{pmatrix}, \\quad \\vec{c} = \\begin{pmatrix} 1 \\\\ 1 \\\\ 4 \\end{pmatrix}. $$\n(a) Find $\\overrightarrow{BC}$.\n(b) Find $\\overrightarrow{AB}$ in terms of $k$.\n(c) Find the value of $k$ for which $\\overrightarrow{AB}$ is perpendicular to $\\overrightarrow{BC}$.\n\n**Solution**\n(a)\n$$ \\overrightarrow{BC} = \\vec{c} - \\vec{b} = \\begin{pmatrix} 1 \\\\ 1 \\\\ 4 \\end{pmatrix} - \\begin{pmatrix} 3 \\\\ 2 \\\\ -2 \\end{pmatrix} = \\begin{pmatrix} -2 \\\\ -1 \\\\ 6 \\end{pmatrix}. $$\n(b) $$ \\overrightarrow{AB} = \\vec{b} - \\vec{a} = \\begin{pmatrix} 3 \\\\ 2 \\\\ -2 \\end{pmatrix} - k\\begin{pmatrix} 2 \\\\ -1 \\\\ 1 \\end{pmatrix} = \\begin{pmatrix} 3 - 2k \\\\ 2 + k \\\\ -2 - k \\end{pmatrix}. $\n(c) Since $\\overrightarrow{AB}$ is perpendicular to $\\overrightarrow{BC}$,\n$$ \\overrightarrow{AB} \\cdot \\overrightarrow{BC} = 0. $$\nTherefore,\n$$ \\begin{aligned}\n\\overrightarrow{AB} \\cdot \\overrightarrow{BC} &= \\begin{pmatrix} 3 - 2k \\\\ 2 + k \\\\ -2 - k \\end{pmatrix} \\cdot \\begin{pmatrix} -2 \\\\ -1 \\\\ 6 \\end{pmatrix} \\\\\n&= (3 - 2k)(-2) + (2 + k)(-1) + (-2 - k)(6) \\\\\n&= -20 - 3k.\n\\end{aligned} $$\nSo,\n$$ -20 - 3k = 0. $$\n$$ k = -\\frac{20}{3}. $$\n\n## Exercise 4.2\n\n**1. Question**\nFor\n$$ \\vec{p} = \\begin{pmatrix} 3 \\\\ 2 \\end{pmatrix}, \\quad \\vec{q} = \\begin{pmatrix} -1 \\\\ 5 \\end{pmatrix}, \\quad \\vec{r} = \\begin{pmatrix} -2 \\\\ 4 \\end{pmatrix}, $$\nfind:\n(a) $\\vec{q} \\cdot \\vec{p}$\n(b) $\\vec{q} \\cdot \\vec{r}$\n(c) $\\vec{q} \\cdot (\\vec{p} + \\vec{r})$\n(d) $\\hat{\\mathbf{i}} \\cdot \\vec{p}$\n(e) $\\vec{q} \\cdot \\hat{\\mathbf{j}}$\n(f) $\\hat{\\mathbf{i}} \\cdot \\hat{\\mathbf{i}}$\n\n**Solution**\nGiven\n$$ \\vec{p} = \\begin{pmatrix} 3 \\\\ 2 \\end{pmatrix}, \\quad \\vec{q} = \\begin{pmatrix} -1 \\\\ 5 \\end{pmatrix}, \\quad \\vec{r} = \\begin{pmatrix} -2 \\\\ 4 \\end{pmatrix}. $$\nAnd\n$$ \\hat{\\mathbf{i}} = \\begin{pmatrix} 1 \\\\ 0 \\end{pmatrix}, \\quad \\hat{\\mathbf{j}} = \\begin{pmatrix} 0 \\\\ 1 \\end{pmatrix}. $$\n(a)\n$$ \\vec{q} \\cdot \\vec{p} = \\begin{pmatrix} -1 \\\\ 5 \\end{pmatrix} \\cdot \\begin{pmatrix} 3 \\\\ 2 \\end{pmatrix} = (-1)(3) + (5)(2) = 7. $$\n(b) $$ \\vec{q} \\cdot \\vec{r} = \\begin{pmatrix} -1 \\\\ 5 \\end{pmatrix} \\cdot \\begin{pmatrix} -2 \\\\ 4 \\end{pmatrix} = (-1)(-2) + (5)(4) = 22. $\n(c) $$ \\begin{aligned}\n\\vec{q} \\cdot (\\vec{p} + \\vec{r}) &= \\begin{pmatrix} -1 \\\\ 5 \\end{pmatrix} \\cdot \\left( \\begin{pmatrix} 3 \\\\ 2 \\end{pmatrix} + \\begin{pmatrix} -2 \\\\ 4 \\end{pmatrix} \\right) \\\\\n&= \\begin{pmatrix} -1 \\\\ 5 \\end{pmatrix} \\cdot \\begin{pmatrix} 1 \\\\ 6 \\end{pmatrix} \\\\\n&= (-1)(1) + (5)(6) = 29.\n\\end{aligned} $$\n(d) $$ \\hat{\\mathbf{i}} \\cdot \\vec{p} = \\begin{pmatrix} 1 \\\\ 0 \\end{pmatrix} \\cdot \\begin{pmatrix} 3 \\\\ 2 \\end{pmatrix} = 3. $\n(e) $$ \\vec{q} \\cdot \\hat{\\mathbf{j}} = \\begin{pmatrix} -1 \\\\ 5 \\end{pmatrix} \\cdot \\begin{pmatrix} 0 \\\\ 1 \\end{pmatrix} = 5. $\n(f)\n$$ \\hat{\\mathbf{i}} \\cdot \\hat{\\mathbf{i}} = \\begin{pmatrix} 1 \\\\ 0 \\end{pmatrix} \\cdot \\begin{pmatrix} 1 \\\\ 0 \\end{pmatrix} = 1. $$\n\n**2. Question**\nFor\n$$ \\vec{a} = \\begin{pmatrix} 2 \\\\ 1 \\\\ 3 \\end{pmatrix}, \\quad \\vec{b} = \\begin{pmatrix} -1 \\\\ 1 \\\\ 1 \\end{pmatrix}, \\quad \\vec{c} = \\begin{pmatrix} 0 \\\\ -1 \\\\ 1 \\end{pmatrix}, $$\nfind:\n(a) $\\vec{a} \\cdot \\vec{b}$\n(b) $\\vec{b} \\cdot \\vec{a}$\n(c) $|\\vec{a}|^2$\n(d) $\\vec{a} \\cdot \\vec{a}$\n(e) $\\vec{a} \\cdot (\\vec{b} + \\vec{c})$\n(f) $\\vec{a} \\cdot \\vec{b} + \\vec{a} \\cdot \\vec{c}$\n\n**Solution**\nGiven\n$$ \\vec{a} = \\begin{pmatrix} 2 \\\\ 1 \\\\ 3 \\end{pmatrix}, \\quad \\vec{b} = \\begin{pmatrix} -1 \\\\ 1 \\\\ 1 \\end{pmatrix}, \\quad \\vec{c} = \\begin{pmatrix} 0 \\\\ -1 \\\\ 1 \\end{pmatrix}. $$\n(a)\n$$ \\vec{a} \\cdot \\vec{b} = \\begin{pmatrix} 2 \\\\ 1 \\\\ 3 \\end{pmatrix} \\cdot \\begin{pmatrix} -1 \\\\ 1 \\\\ 1 \\end{pmatrix} = -2 + 1 + 3 = 2. $$\n(b) $$ \\vec{b} \\cdot \\vec{a} = \\begin{pmatrix} -1 \\\\ 1 \\\\ 1 \\end{pmatrix} \\cdot \\begin{pmatrix} 2 \\\\ 1 \\\\ 3 \\end{pmatrix} = -2 + 1 + 3 = 2. $\n(c) $$ |\\vec{a}|^2 = 2^2 + 1^2 + 3^2 = 14. $\n(d) $$ \\vec{a} \\cdot \\vec{a} = 2^2 + 1^2 + 3^2 = 14. $\n(e) $$ \\begin{aligned}\n\\vec{a} \\cdot (\\vec{b} + \\vec{c}) &= \\begin{pmatrix} 2 \\\\ 1 \\\\ 3 \\end{pmatrix} \\cdot \\left( \\begin{pmatrix} -1 \\\\ 1 \\\\ 1 \\end{pmatrix} + \\begin{pmatrix} 0 \\\\ -1 \\\\ 1 \\end{pmatrix} \\right) \\\\\n&= \\begin{pmatrix} 2 \\\\ 1 \\\\ 3 \\end{pmatrix} \\cdot \\begin{pmatrix} -1 \\\\ 0 \\\\ 2 \\end{pmatrix} \\\\\n&= -2 + 0 + 6 = 4.\n\\end{aligned} $$\n(f)\n$$ \\begin{aligned}\n\\vec{a} \\cdot \\vec{b} + \\vec{a} \\cdot \\vec{c} &= 2 + \\left( \\begin{pmatrix} 2 \\\\ 1 \\\\ 3 \\end{pmatrix} \\cdot \\begin{pmatrix} 0 \\\\ -1 \\\\ 1 \\end{pmatrix} \\right) \\\\\n&= 2 + (0 - 1 + 3) = 4.\n\\end{aligned} $$\n\n**3. Question**\nFind the angle between $\\vec{m}$ and $\\vec{n}$ if:\n(a) $\\vec{m} = \\begin{pmatrix} 2 \\\\ -1 \\\\ -1 \\end{pmatrix}$ and $\\vec{n} = \\begin{pmatrix} -1 \\\\ 3 \\\\ 2 \\end{pmatrix}$.\n(b) $\\vec{m} = 2\\hat{\\mathbf{j}} - \\hat{\\mathbf{k}}$ and $\\vec{n} = \\hat{\\mathbf{i}} + 2\\hat{\\mathbf{k}}$.\n\n**Solution**\n(a)\nGiven\n$$ \\vec{m} = \\begin{pmatrix} 2 \\\\ -1 \\\\ -1 \\end{pmatrix}, \\quad \\vec{n} = \\begin{pmatrix} -1 \\\\ 3 \\\\ 2 \\end{pmatrix}. $$\n$$ \\vec{m} \\cdot \\vec{n} = -7, \\quad |\\vec{m}| = \\sqrt{6}, \\quad |\\vec{n}| = \\sqrt{14}. $$\nThus,\n$$ \\cos\\theta = \\frac{-7}{\\sqrt{6}\\sqrt{14}}, \\quad \\theta = \\cos^{-1}\\left(\\frac{-7}{\\sqrt{6}\\sqrt{14}}\\right) \\approx 139.8^\\circ. $$\n(b) Given\n$$ \\vec{m} = \\begin{pmatrix} 0 \\\\ 2 \\\\ -1 \\end{pmatrix}, \\quad \\vec{n} = \\begin{pmatrix} 1 \\\\ 0 \\\\ 2 \\end{pmatrix}. $$\nSo,\n$$ \\vec{m} \\cdot \\vec{n} = -2, \\quad |\\vec{m}| = |\\vec{n}| = \\sqrt{5}. $$\nThus,\n$$ \\cos\\theta = -\\frac{2}{5}, \\quad \\theta = \\cos^{-1}\\left(-\\frac{2}{5}\\right) \\approx 113.6^\\circ. $$\n\n**4. Question**\nFind $t$ if the given pair of vectors are:\n(i) perpendicular\n(ii) parallel.\n(a) $\\vec{p} = \\begin{pmatrix} 3 \\\\ t \\end{pmatrix}$ and $\\vec{q} = \\begin{pmatrix} -2 \\\\ 1 \\end{pmatrix}$.\n(b) $\\vec{r} = \\begin{pmatrix} t \\\\ t+2 \\end{pmatrix}$ and $\\vec{s} = \\begin{pmatrix} t \\\\ -4 \\end{pmatrix}$.\n(c) $\\vec{a} = \\begin{pmatrix} 0 \\\\ t+2 \\end{pmatrix}$ and $\\vec{b} = \\begin{pmatrix} 2-3t \\\\ t \\end{pmatrix}$.\n\n**Solution**\n(a) Given\n$$ \\vec{p} = \\begin{pmatrix} 3 \\\\ t \\end{pmatrix}, \\quad \\vec{q} = \\begin{pmatrix} -2 \\\\ 1 \\end{pmatrix}. $$\nFor perpendicular vectors,\n$$ \\vec{p} \\cdot \\vec{q} = 0. $$\nThus,\n$$ \\vec{p} \\cdot \\vec{q} = \\begin{pmatrix} 3 \\\\ t \\end{pmatrix} \\cdot \\begin{pmatrix} -2 \\\\ 1 \\end{pmatrix} = 3(-2) + t(1). $$\nSo,\n$$ -6 + t = 0, \\quad t = 6. $$\nFor parallel vectors,\n$$ \\begin{pmatrix} 3 \\\\ t \\end{pmatrix} = k\\begin{pmatrix} -2 \\\\ 1 \\end{pmatrix}. $$\nFrom the first component,\n$$ 3 = -2k, \\quad k = -\\frac{3}{2}, $$\nso\n$$ t = -\\frac{3}{2}. $$\nTherefore,\n$$ \\text{(i)} \\\\ t = 6, \\quad \\text{(ii)} \\\\ t = -\\frac{3}{2}. $$\n(b) Given\n$$ \\vec{r} = \\begin{pmatrix} t \\\\ t+2 \\end{pmatrix}, \\quad \\vec{s} = \\begin{pmatrix} t \\\\ -4 \\end{pmatrix}. $$\nFor perpendicular vectors,\n$$ \\vec{r} \\cdot \\vec{s} = 0. $$\nThus,\n$$ \\vec{r} \\cdot \\vec{s} = \\begin{pmatrix} t \\\\ t+2 \\end{pmatrix} \\cdot \\begin{pmatrix} t \\\\ -4 \\end{pmatrix} = t^2 + (t+2)(-4). $$\nSo,\n$$ t^2 - 4t - 8 = 0. $$\n$$ t = 2 \\pm 2\\sqrt{3}. $$\n\nFor parallel vectors,\n$$ t(-4) - t(t+2) = 0. $$\nSo,\n$$ -t(t+6) = 0. $$\n$$ t = 0 \\quad \\text{or} \\quad t = -6. $$\nTherefore,\n$$ \\text{(i)} \\\\ t = 2 \\pm 2\\sqrt{3}, \\quad \\text{(ii)} \\\\ t = 0 \\\\ \\text{or} \\\\ t = -6. $$\n(c) Given\n$$ \\vec{a} = \\begin{pmatrix} 0 \\\\ t+2 \\end{pmatrix}, \\quad \\vec{b} = \\begin{pmatrix} 2-3t \\\\ t \\end{pmatrix}. $$\nFor perpendicular vectors,\n$$ \\vec{a} \\cdot \\vec{b} = 0. $$\nThus,\n$$ \\vec{a} \\cdot \\vec{b} = \\begin{pmatrix} 0 \\\\ t+2 \\end{pmatrix} \\cdot \\begin{pmatrix} 2-3t \\\\ t \\end{pmatrix} = 0(2-3t) + (t+2)t. $$\nSo,\n$$ t(t+2) = 0. $$\n$$ t = 0 \\quad \\text{or} \\quad t = -2. $$\n\nFor parallel vectors,\n$$ 0(t) - (t+2)(2-3t) = 0. $$\nSo,\n$$ (t+2)(2-3t) = 0. $$\n$$ t = -2 \\quad \\text{or} \\quad t = \\frac{2}{3}. $$\nTherefore,\n$$ \\text{(i)} \\\\ t = 0 \\\\ \\text{or} \\\\ t = -2, \\quad \\text{(ii)} \\\\ t = -2 \\\\ \\text{or} \\\\ t = \\frac{2}{3}. $$\n\n**5. Question**\nFind $t$ if\n$$ \\begin{pmatrix} 3 \\\\ t \\\\ -2 \\end{pmatrix} \\quad \\text{is perpendicular to} \\quad \\begin{pmatrix} 1-t \\\\ -3 \\\\ 4 \\end{pmatrix}. $$\n\n**Solution**\nLet\n$$ \\vec{p} = \\begin{pmatrix} 3 \\\\ t \\\\ -2 \\end{pmatrix}, \\quad \\vec{q} = \\begin{pmatrix} 1-t \\\\ -3 \\\\ 4 \\end{pmatrix}. $$\nSince the two vectors are perpendicular,\n$$ \\vec{p} \\cdot \\vec{q} = 0. $$\nThus,\n$$ 3(1-t) + t(-3) + (-2)(4) = 0 \\implies 3 - 6t - 8 = 0 \\implies 6t = -5 \\implies t = -\\frac{5}{6}. $$\n\n**6. Question**\n$ABCD$ is a parallelogram with $AB$ parallel to $DC$. Let $\\overrightarrow{AB} = \\vec{a}$ and $\\overrightarrow{AD} = \\vec{b}$.\n[DIAGRAM:Chap4_Ex4_2_Q6]\n\n(a) Express $\\overrightarrow{AC}$ and $\\overrightarrow{BD}$ in terms of $\\vec{a}$ and $\\vec{b}$.\n(b) Simplify $(\\vec{a} + \\vec{b}) \\cdot (\\vec{b} - \\vec{a})$.\n(c) Hence show that if $ABCD$ is a rhombus then its diagonals are perpendicular.\n\n**Solution**\n(a) In a parallelogram, opposite sides are parallel and equal. Therefore,\n$$ \\overrightarrow{AB} = \\overrightarrow{DC} = \\vec{a}, \\quad \\overrightarrow{AD} = \\overrightarrow{BC} = \\vec{b}. $$\n$$ \\overrightarrow{AC} = \\overrightarrow{AB} + \\overrightarrow{BC} = \\vec{a} + \\vec{b}. $$\nAlso,\n$$ \\overrightarrow{BD} = \\overrightarrow{BA} + \\overrightarrow{AD} = -\\vec{a} + \\vec{b} = \\vec{b} - \\vec{a}. $$\n(b) $$ \\begin{aligned}\n(\\vec{a} + \\vec{b}) \\cdot (\\vec{b} - \\vec{a}) &= \\vec{a} \\cdot \\vec{b} - \\vec{a} \\cdot \\vec{a} + \\vec{b} \\cdot \\vec{b} - \\vec{b} \\cdot \\vec{a} \\\\\n&= |\\vec{b}|^2 - |\\vec{a}|^2.\n\\end{aligned} $$\n(c) If $ABCD$ is a rhombus, then $|\\vec{a}| = |\\vec{b}|$. Therefore,\n$$ (\\vec{a} + \\vec{b}) \\cdot (\\vec{b} - \\vec{a}) = |\\vec{b}|^2 - |\\vec{a}|^2 = 0. $$\nThat is,\n$$ \\overrightarrow{AC} \\cdot \\overrightarrow{BD} = 0. $$\n\n## 4.3 Area of a Parallelogram and Vector Product\n\n### Cross Product\n\nLet\n$$ \\vec{a} = \\begin{pmatrix} x_1 \\\\ y_1 \\\\ z_1 \\end{pmatrix}, \\quad \\vec{b} = \\begin{pmatrix} x_2 \\\\ y_2 \\\\ z_2 \\end{pmatrix}. $$\n\nTheir cross product is\n$$ \\vec{a} \\times \\vec{b} = \\begin{pmatrix} x_1 \\\\ y_1 \\\\ z_1 \\end{pmatrix} \\times \\begin{pmatrix} x_2 \\\\ y_2 \\\\ z_2 \\end{pmatrix} = \\begin{pmatrix} y_1 z_2 - z_1 y_2 \\\\ z_1 x_2 - x_1 z_2 \\\\ x_1 y_2 - y_1 x_2 \\end{pmatrix}. $$\n\n### Down Product – Up Product Method\n\nTo find a particular component, leave out that component and use the other two components:\n- For the $x$-component, leave out $x$ and use $y, z$.\n- For the $y$-component, leave out $y$ and use $z, x$.\n- For the $z$-component, leave out $z$ and use $x, y$.\n\nWrite the components cyclically, repeating the first two columns:\n$$ \\begin{array}{ccccc} x_1 & y_1 & z_1 & x_1 & y_1 \\\\ x_2 & y_2 & z_2 & x_2 & y_2 \\end{array} $$\n\nFor each component, multiply downward and subtract the upward product.\n\n$$ \\text{First component} = \\underbrace{y_1 z_2}_{\\text{down product}} - \\underbrace{z_1 y_2}_{\\text{up product}}, $$\n\n$$ \\text{Second component} = \\underbrace{z_1 x_2}_{\\text{down product}} - \\underbrace{x_1 z_2}_{\\text{up product}}, $$\n\n$$ \\text{Third component} = \\underbrace{x_1 y_2}_{\\text{down product}} - \\underbrace{y_1 x_2}_{\\text{up product}}. $$\n\nHence,\n$$ \\boxed{\\vec{a} \\times \\vec{b} = \\begin{pmatrix} y_1 z_2 - z_1 y_2 \\\\ z_1 x_2 - x_1 z_2 \\\\ x_1 y_2 - y_1 x_2 \\end{pmatrix}} $$\n\n### The Direction of $\\vec{a} \\times \\vec{b}$\n\nThe vectors $\\vec{a}$ and $\\vec{b}$ determine a plane. The new vector $\\vec{a} \\times \\vec{b}$ is perpendicular to both $\\vec{a}$ and $\\vec{b}$. Therefore, it is perpendicular to the plane containing them.\n\n[DIAGRAM:Chap4_CrossProductDirection]\n\n### Proof Using Dot Products\n\nLet\n$$ \\vec{c} = \\vec{a} \\times \\vec{b} = \\begin{pmatrix} y_1 z_2 - z_1 y_2 \\\\ z_1 x_2 - x_1 z_2 \\\\ x_1 y_2 - y_1 x_2 \\end{pmatrix}. $$\n\nFirst, calculate the dot product with $\\vec{a}$:\n$$ \\begin{aligned}\n\\vec{c} \\cdot \\vec{a} &= x_1 (y_1 z_2 - z_1 y_2) + y_1 (z_1 x_2 - x_1 z_2) + z_1 (x_1 y_2 - y_1 x_2) \\\\\n&= x_1 y_1 z_2 - x_1 z_1 y_2 + y_1 z_1 x_2 - x_1 y_1 z_2 + x_1 z_1 y_2 - y_1 z_1 x_2 \\\\\n&= 0.\n\\end{aligned} $$\n\nHence,\n$$ \\boxed{(\\vec{a} \\times \\vec{b}) \\cdot \\vec{a} = 0}, $$\n\nso $\\vec{a} \\times \\vec{b}$ is perpendicular to $\\vec{a}$.\n\nNext, calculate the dot product with $\\vec{b}$:\n$$ \\begin{aligned}\n\\vec{c} \\cdot \\vec{b} &= x_2 (y_1 z_2 - z_1 y_2) + y_2 (z_1 x_2 - x_1 z_2) + z_2 (x_1 y_2 - y_1 x_2) \\\\\n&= x_2 y_1 z_2 - x_2 z_1 y_2 + y_2 z_1 x_2 - x_1 y_2 z_2 + x_1 y_2 z_2 - y_1 x_2 z_2 \\\\\n&= 0.\n\\end{aligned} $$\n\nHence,\n$$ \\boxed{(\\vec{a} \\times \\vec{b}) \\cdot \\vec{b} = 0}, $$\n\nso $\\vec{a} \\times \\vec{b}$ is perpendicular to $\\vec{b}$.\n\nSince $\\vec{a}$ and $\\vec{b}$ are two non-parallel vectors in the same plane, a vector perpendicular to both of them is perpendicular to that plane. Therefore, $\\vec{a} \\times \\vec{b}$ is a normal vector to the plane containing $\\vec{a}$ and $\\vec{b}$.\n\n### Area of a Parallelogram\n\nLet $\\vec{a}$ and $\\vec{b}$ be two adjacent sides of a parallelogram, and let $\\theta$ be the angle between them.\n\n[DIAGRAM:Chap4_AreaParallelogramDiag]\n\n#### Deriving the Area Formula\n\nTake $|\\vec{a}|$ as the base. The perpendicular height is the component of $\\vec{b}$ perpendicular to $\\vec{a}$, so\n$$ h = |\\vec{b}| \\sin \\theta. $$\n\nTherefore,\n$$ \\begin{aligned}\n\\text{Area of parallelogram} &= \\text{base} \\times \\text{height} \\\\\n&= |\\vec{a}| h \\\\\n&= |\\vec{a}| |\\vec{b}| \\sin \\theta.\n\\end{aligned} $$\n\nSince the magnitude of the cross product is\n$$ |\\vec{a} \\times \\vec{b}| = |\\vec{a}| |\\vec{b}| \\sin \\theta, $$\n\nwe obtain\n$$ \\boxed{\\text{Area of parallelogram} = |\\vec{a} \\times \\vec{b}|}. $$\n\n### Area of a Triangle\n\nThe diagonal of a parallelogram divides it into two triangles of equal area.\n\n[DIAGRAM:Chap4_AreaTriangleDiag]\n\n$$ \\boxed{\\text{Area of triangle} = \\frac{1}{2} (\\text{Area of parallelogram}) = \\frac{1}{2} |\\vec{a} \\times \\vec{b}|}. $$\n\n---\n\n#### Example 12\nFind the area of the parallelogram determined by the vectors\n$$ \\vec{a} = \\begin{pmatrix} 1 \\\\ 2 \\\\ 3 \\end{pmatrix}, \\quad \\vec{b} = \\begin{pmatrix} 1 \\\\ 4 \\\\ -1 \\end{pmatrix}. $$\n\n**Solution.**\nThe area of the parallelogram is $|\\vec{a} \\times \\vec{b}|$. Using the Down Product – Up Product method,\n\n$$ \\begin{aligned} \\vec{a} \\times \\vec{b} &= \\begin{pmatrix} 1 \\\\ 2 \\\\ 3 \\end{pmatrix} \\times \\begin{pmatrix} 1 \\\\ 4 \\\\ -1 \\end{pmatrix} \\\\ &= \\begin{pmatrix} 2(-1) - 3(4) \\\\ 3(1) - 1(-1) \\\\ 1(4) - 2(1) \\end{pmatrix} \\\\ &= \\begin{pmatrix} -14 \\\\ 4 \\\\ 2 \\end{pmatrix}. \\end{aligned} $$\n\nTherefore,\n$$ \\begin{aligned} |\\vec{a} \\times \\vec{b}| &= \\sqrt{(-14)^2 + 4^2 + 2^2} \\\\ &= \\sqrt{196 + 16 + 4} \\\\ &= \\sqrt{216} \\\\ &= 6\\sqrt{6}. \\end{aligned} $$\n\nHence,\nArea of the parallelogram $= 6\\sqrt{6}$ square units.\n\n---\n\n#### Example 13\nFind the area of triangle $ABC$ with vertices\n$$ A(1, -1, 3), \\quad B(0, 4, 1), \\quad C(2, 7, 2). $$\n\n**Solution.**\nTwo sides of the triangle starting from $A$ are\n$$ \\overrightarrow{AB} = \\overrightarrow{OB} - \\overrightarrow{OA} = \\begin{pmatrix} 0 \\\\ 4 \\\\ 1 \\end{pmatrix} - \\begin{pmatrix} 1 \\\\ -1 \\\\ 3 \\end{pmatrix} = \\begin{pmatrix} -1 \\\\ 5 \\\\ -2 \\end{pmatrix}, $$\n$$ \\overrightarrow{AC} = \\overrightarrow{OC} - \\overrightarrow{OA} = \\begin{pmatrix} 2 \\\\ 7 \\\\ 2 \\end{pmatrix} - \\begin{pmatrix} 1 \\\\ -1 \\\\ 3 \\end{pmatrix} = \\begin{pmatrix} 1 \\\\ 8 \\\\ -1 \\end{pmatrix}. $$\n\nUsing the Down Product – Up Product method,\n$$ \\begin{aligned} \\overrightarrow{AB} \\times \\overrightarrow{AC} &= \\begin{pmatrix} -1 \\\\ 5 \\\\ -2 \\end{pmatrix} \\times \\begin{pmatrix} 1 \\\\ 8 \\\\ -1 \\end{pmatrix} \\\\ &= \\begin{pmatrix} 5(-1) - (-2)(8) \\\\ (-2)(1) - (-1)(-1) \\\\ (-1)(8) - 5(1) \\end{pmatrix} \\\\ &= \\begin{pmatrix} 11 \\\\ -3 \\\\ -13 \\end{pmatrix}. \\end{aligned} $$\n\nTherefore,\n$$ \\begin{aligned} |\\overrightarrow{AB} \\times \\overrightarrow{AC}| &= \\sqrt{11^2 + (-3)^2 + (-13)^2} \\\\ &= \\sqrt{121 + 9 + 169} \\\\ &= \\sqrt{299}. \\end{aligned} $$\n\nHence,\nArea of triangle $ABC = \\frac{\\sqrt{299}}{2}$ square units.\n\n---\n\n### Algebraic Properties of the Vector Product\n\nLet $\\vec{a}, \\vec{b}$ and $\\vec{c}$ be vectors in three-dimensional space, and let $k$ be a scalar.\n\n1. Anti-commutative property\n$$ \\boxed{\\vec{a} \\times \\vec{b} = -(\\vec{b} \\times \\vec{a})}. $$\nInterchanging the order of the vectors reverses the direction of the vector product.\n\n2. Distributive property\n$$ \\boxed{\\vec{a} \\times (\\vec{b} + \\vec{c}) = \\vec{a} \\times \\vec{b} + \\vec{a} \\times \\vec{c}}, $$\nand\n$$ \\boxed{(\\vec{a} + \\vec{b}) \\times \\vec{c} = \\vec{a} \\times \\vec{c} + \\vec{b} \\times \\vec{c}}. $$\nThe same property applies to subtraction.\n\n3. Scalar multiplication property\n$$ \\boxed{(k\\vec{a}) \\times \\vec{b} = k(\\vec{a} \\times \\vec{b}) = \\vec{a} \\times (k\\vec{b})}. $$\n\n4. Vector product with the zero vector\n$$ \\boxed{\\vec{a} \\times \\vec{0} = \\vec{0} \\times \\vec{a} = \\vec{0}}. $$\n\n5. The vector product is not associative\n$$ \\boxed{(\\vec{a} \\times \\vec{b}) \\times \\vec{c} \\neq \\vec{a} \\times (\\vec{b} \\times \\vec{c})} $\nin general.\n\n---\n\n### Vector Products of Unit Vectors\n\nThe vectors\n$$ \\hat{\\mathbf{i}} = \\begin{pmatrix} 1 \\\\ 0 \\\\ 0 \\end{pmatrix}, \\quad \\hat{\\mathbf{j}} = \\begin{pmatrix} 0 \\\\ 1 \\\\ 0 \\end{pmatrix}, \\quad \\hat{\\mathbf{k}} = \\begin{pmatrix} 0 \\\\ 0 \\\\ 1 \\end{pmatrix} $$\nare unit vectors along the positive $x, y$ and $z$-axes respectively. They are mutually perpendicular and each has magnitude $1$.\n\nWhen two different unit vectors are multiplied, the result is the remaining unit vector. Its sign is determined by the order of multiplication.\n\n[DIAGRAM:Chap4_UnitVectorCyclicDiag]\n\nThe positive cyclic products are\n$$ \\boxed{\\hat{\\mathbf{i}} \\times \\hat{\\mathbf{j}} = \\hat{\\mathbf{k}}, \\quad \\hat{\\mathbf{j}} \\times \\hat{\\mathbf{k}} = \\hat{\\mathbf{i}}, \\quad \\hat{\\mathbf{k}} \\times \\hat{\\mathbf{i}} = \\hat{\\mathbf{j}}}. $$\n\nFor example, rotating from $\\hat{\\mathbf{i}}$ towards $\\hat{\\mathbf{j}}$ and applying the right-hand rule gives the direction $\\hat{\\mathbf{k}}$. Thus, $\\hat{\\mathbf{i}} \\times \\hat{\\mathbf{j}} = \\hat{\\mathbf{k}}$.\n\nReversing the order changes the sign:\n$$ \\hat{\\mathbf{j}} \\times \\hat{\\mathbf{i}} = -\\hat{\\mathbf{k}}, \\quad \\hat{\\mathbf{k}} \\times \\hat{\\mathbf{j}} = -\\hat{\\mathbf{i}}, \\quad \\hat{\\mathbf{i}} \\times \\hat{\\mathbf{k}} = -\\hat{\\mathbf{j}}. $$\n\nFor example,\n$$ \\hat{\\mathbf{j}} \\times \\hat{\\mathbf{i}} = -(\\hat{\\mathbf{i}} \\times \\hat{\\mathbf{j}}) = -\\hat{\\mathbf{k}}. $$\n\nAlso,\n$$ \\hat{\\mathbf{i}} \\times \\hat{\\mathbf{i}} = \\hat{\\mathbf{j}} \\times \\hat{\\mathbf{j}} = \\hat{\\mathbf{k}} \\times \\hat{\\mathbf{k}} = \\vec{0}. $$\n\nThis is because the angle between a vector and itself is $0^\\circ$, and hence $\\sin 0^\\circ = 0$.\n\n\n---\n\n### Geometric Properties of the Vector Product\n\nLet $\\theta$ be the angle between two non-zero vectors $\\vec{a}$ and $\\vec{b}$, where $0^\\circ \\le \\theta \\le 180^\\circ$.\n\n1. **Magnitude**\n$$ \\boxed{|\\vec{a} \\times \\vec{b}| = |\\vec{a}| |\\vec{b}| \\sin \\theta}. $$\nThus, the magnitude depends on the lengths of the two vectors and the angle between them.\n\n2. **Perpendicular direction**\nThe vector $\\vec{a} \\times \\vec{b}$ is perpendicular to both $\\vec{a}$ and $\\vec{b}$. Therefore, it is normal to the plane containing the two vectors.\n$$ (\\vec{a} \\times \\vec{b}) \\cdot \\vec{a} = 0, \\quad (\\vec{a} \\times \\vec{b}) \\cdot \\vec{b} = 0. $$\n\n3. **Right-hand rule**\nCurl the fingers of the right hand from $\\vec{a}$ towards $\\vec{b}$ through the smaller angle. The thumb points in the direction of $\\vec{a} \\times \\vec{b}$.\n\n4. **Parallel vectors**\nIf $\\vec{a}$ and $\\vec{b}$ are parallel, then $\\theta = 0^\\circ$ or $180^\\circ$. Since $\\sin 0^\\circ = \\sin 180^\\circ = 0$,\n$$ \\boxed{\\vec{a} \\times \\vec{b} = \\vec{0}}. $$\n\n5. **Perpendicular vectors**\nIf $\\vec{a} \\perp \\vec{b}$, then $\\theta = 90^\\circ$ and $\\sin 90^\\circ = 1$. Hence,\n$$ \\boxed{|\\vec{a} \\times \\vec{b}| = |\\vec{a}| |\\vec{b}|}. $$\nFor fixed magnitudes, the vector product has its greatest magnitude when the two vectors are perpendicular.\n\n6. **Area interpretation**\n$$ \\boxed{\\text{Area of parallelogram} = |\\vec{a} \\times \\vec{b}|}, $$\nand\n$$ \\boxed{\\text{Area of triangle} = \\frac{1}{2} |\\vec{a} \\times \\vec{b}|}. $$\n\n---\n\n#### Example 14\n\n(a) Calculate $\\vec{a} \\times \\vec{b}$ when\n$$ \\vec{a} = 3\\hat{\\mathbf{i}} + 2\\hat{\\mathbf{j}} + 5\\hat{\\mathbf{k}} \\quad \\text{and} \\quad \\vec{b} = \\hat{\\mathbf{i}} - 4\\hat{\\mathbf{j}} + 2\\hat{\\mathbf{k}}. $$\n\n(b) Find a unit vector $\\hat{n}$ that is perpendicular to both $\\vec{a}$ and $\\vec{b}$.\n\n**Solution.**\nIn component form,\n$$ \\vec{a} = \\begin{pmatrix} 3 \\\\ 2 \\\\ 5 \\end{pmatrix}, \\quad \\vec{b} = \\begin{pmatrix} 1 \\\\ -4 \\\\ 2 \\end{pmatrix}. $$\n\n(a) Using the Down Product – Up Product method,\n$$ \\begin{aligned}\n\\vec{a} \\times \\vec{b} &= \\begin{pmatrix} 3 \\\\ 2 \\\\ 5 \\end{pmatrix} \\times \\begin{pmatrix} 1 \\\\ -4 \\\\ 2 \\end{pmatrix} \\\\\n&= \\begin{pmatrix} 2(2) - 5(-4) \\\\ 5(1) - 3(2) \\\\ 3(-4) - 2(1) \\end{pmatrix} \\\\\n&= \\begin{pmatrix} 24 \\\\ -1 \\\\ -14 \\end{pmatrix}.\n\\end{aligned} $$\n\nTherefore,\n$$ \\vec{a} \\times \\vec{b} = 24\\hat{\\mathbf{i}} - \\hat{\\mathbf{j}} - 14\\hat{\\mathbf{k}}. $$\n\n(b) Let $\\vec{n}$ be a vector perpendicular to both $\\vec{a}$ and $\\vec{b}$. Then\n$$ \\vec{n} = \\vec{a} \\times \\vec{b} = \\begin{pmatrix} 24 \\\\ -1 \\\\ -14 \\end{pmatrix}. $$\n\nThe unit vector of $\\vec{n}$ is\n$$ \\begin{aligned}\n\\hat{n} &= \\frac{\\vec{n}}{|\\vec{n}|} \\\\\n&= \\frac{1}{\\sqrt{24^2 + (-1)^2 + (-14)^2}} \\begin{pmatrix} 24 \\\\ -1 \\\\ -14 \\end{pmatrix} \\\\\n&= \\frac{1}{\\sqrt{773}} \\begin{pmatrix} 24 \\\\ -1 \\\\ -14 \\end{pmatrix}.\n\\end{aligned} $$\n\nTherefore,\n$$ \\hat{n} = \\frac{1}{\\sqrt{773}} \\begin{pmatrix} 24 \\\\ -1 \\\\ -14 \\end{pmatrix}. $$\n\n> **Note.** For two non-parallel vectors $\\vec{a}$ and $\\vec{b}$, a vector perpendicular to both may be taken as\n> $$ \\boxed{\\vec{n} = \\vec{a} \\times \\vec{b}}. $$\n\n\n---\n\n#### Example 15\nGiven that $|\\vec{a}| = 4$, $|\\vec{b}| = 5$, and that $\\vec{a}$ and $\\vec{b}$ are perpendicular, evaluate\n$$ |(2\\vec{a} - \\vec{b}) \\times (\\vec{a} + 3\\vec{b})|. $$\n\n**Solution.**\nUsing the distributive property,\n$$ \\begin{aligned} (2\\vec{a} - \\vec{b}) \\times (\\vec{a} + 3\\vec{b}) &= 2(\\vec{a} \\times \\vec{a}) + 6(\\vec{a} \\times \\vec{b}) - (\\vec{b} \\times \\vec{a}) - 3(\\vec{b} \\times \\vec{b}) \\\\ &= 6(\\vec{a} \\times \\vec{b}) - (\\vec{b} \\times \\vec{a}). \\end{aligned} $$\n\nSince\n$$ \\vec{b} \\times \\vec{a} = -(\\vec{a} \\times \\vec{b}), $$\n\nwe get\n$$ \\begin{aligned} (2\\vec{a} - \\vec{b}) \\times (\\vec{a} + 3\\vec{b}) &= 6(\\vec{a} \\times \\vec{b}) + (\\vec{a} \\times \\vec{b}) \\\\ &= 7(\\vec{a} \\times \\vec{b}). \\end{aligned} $$\n\nTherefore,\n$$ \\begin{aligned} |(2\\vec{a} - \\vec{b}) \\times (\\vec{a} + 3\\vec{b})| &= 7|\\vec{a} \\times \\vec{b}| \\\\ &= 7|\\vec{a}| |\\vec{b}| \\sin 90^\\circ \\\\ &= 7(4)(5)(1) \\\\ &= 140. \\end{aligned} $$\n\nHence,\n$$ |(2\\vec{a} - \\vec{b}) \\times (\\vec{a} + 3\\vec{b})| = 140. $$\n\n---\n\n## Exercise 4.3\n\n**1.** Find a vector perpendicular to the following pair of vectors:\n\n(a)\n$$ \\begin{pmatrix} 3 \\\\ 1 \\\\ 1 \\end{pmatrix} \\quad \\text{and} \\quad \\begin{pmatrix} 1 \\\\ 2 \\\\ 3 \\end{pmatrix}. $$\n\n(b)\n$$ \\begin{pmatrix} 3 \\\\ -1 \\\\ 4 \\end{pmatrix} \\quad \\text{and} \\quad \\begin{pmatrix} -1 \\\\ 1 \\\\ 5 \\end{pmatrix}. $$\n\n**Solution.**\nA vector perpendicular to both vectors is their vector product.\n\n(a) Let\n$$ \\vec{a} = \\begin{pmatrix} 3 \\\\ 1 \\\\ 1 \\end{pmatrix}, \\quad \\vec{b} = \\begin{pmatrix} 1 \\\\ 2 \\\\ 3 \\end{pmatrix}. $$\n\nThen\n$$ \\vec{a} \\times \\vec{b} = \\begin{pmatrix} 1(3) - 1(2) \\\\ 1(1) - 3(3) \\\\ 3(2) - 1(1) \\end{pmatrix} = \\begin{pmatrix} 1 \\\\ -8 \\\\ 5 \\end{pmatrix}. $$\n\n(b) Let\n$$ \\vec{a} = \\begin{pmatrix} 3 \\\\ -1 \\\\ 4 \\end{pmatrix}, \\quad \\vec{b} = \\begin{pmatrix} -1 \\\\ 1 \\\\ 5 \\end{pmatrix}. $$\n\nThen\n$$ \\vec{a} \\times \\vec{b} = \\begin{pmatrix} (-1)(5) - 4(1) \\\\ 4(-1) - 3(5) \\\\ 3(1) - (-1)(-1) \\end{pmatrix} = \\begin{pmatrix} -9 \\\\ -19 \\\\ 2 \\end{pmatrix}. $$\n\n**2.** Consider\n$$ \\vec{a} = \\begin{pmatrix} 2 \\\\ -1 \\\\ 3 \\end{pmatrix} \\quad \\text{and} \\quad \\vec{b} = \\begin{pmatrix} 1 \\\\ 0 \\\\ -1 \\end{pmatrix}. $$\n\n(a) Find $\\vec{a} \\times \\vec{b}$.\n\n(b) Find $\\sin \\theta$ using\n$$ |\\vec{a} \\times \\vec{b}| = |\\vec{a}| |\\vec{b}| \\sin \\theta. $$\n\n**Solution.**\n(a)\n$$ \\vec{a} \\times \\vec{b} = \\begin{pmatrix} (-1)(-1) - 3(0) \\\\ 3(1) - 2(-1) \\\\ 2(0) - (-1)(1) \\end{pmatrix} = \\begin{pmatrix} 1 \\\\ 5 \\\\ 1 \\end{pmatrix}. $$\n\n(b)\n$$ |\\vec{a} \\times \\vec{b}| = \\sqrt{1^2 + 5^2 + 1^2} = \\sqrt{27} = 3\\sqrt{3}. $$\n\nAlso,\n$$ |\\vec{a}| = \\sqrt{2^2 + (-1)^2 + 3^2} = \\sqrt{14}, \\quad |\\vec{b}| = \\sqrt{1^2 + 0^2 + (-1)^2} = \\sqrt{2}. $$\n\nHence,\n$$ \\sin \\theta = \\frac{|\\vec{a} \\times \\vec{b}|}{|\\vec{a}| |\\vec{b}|} = \\frac{3\\sqrt{3}}{\\sqrt{14}\\sqrt{2}} = \\frac{3\\sqrt{3}}{2\\sqrt{7}} \\times \\frac{\\sqrt{7}}{\\sqrt{7}} = \\frac{3\\sqrt{21}}{14}. $$\n\n**3.** Prove that for any two vectors $\\vec{a}$ and $\\vec{b}$,\n$$ |\\vec{a} \\times \\vec{b}|^2 + (\\vec{a} \\cdot \\vec{b})^2 = |\\vec{a}|^2 |\\vec{b}|^2. $$\n\n**Solution.**\nLet $\\theta$ be the angle between $\\vec{a}$ and $\\vec{b}$. Then\n$$ |\\vec{a} \\times \\vec{b}| = |\\vec{a}| |\\vec{b}| \\sin \\theta $$\n\nand\n$$ \\vec{a} \\cdot \\vec{b} = |\\vec{a}| |\\vec{b}| \\cos \\theta. $$\n\nTherefore,\n$$ \\begin{aligned} |\\vec{a} \\times \\vec{b}|^2 + (\\vec{a} \\cdot \\vec{b})^2 &= |\\vec{a}|^2 |\\vec{b}|^2 \\sin^2 \\theta + |\\vec{a}|^2 |\\vec{b}|^2 \\cos^2 \\theta \\\\ &= |\\vec{a}|^2 |\\vec{b}|^2 (\\sin^2 \\theta + \\cos^2 \\theta) \\\\ &= |\\vec{a}|^2 |\\vec{b}|^2. \\end{aligned} $$\n\nHence proved.\n\nAnother method. Starting with\n$$ \\sin^2 \\theta + \\cos^2 \\theta = 1, $$\n\nand using\n$$ \\sin \\theta = \\frac{|\\vec{a} \\times \\vec{b}|}{|\\vec{a}| |\\vec{b}|}, \\quad \\cos \\theta = \\frac{\\vec{a} \\cdot \\vec{b}}{|\\vec{a}| |\\vec{b}|}, $$\n\nwe get\n$$ \\frac{|\\vec{a} \\times \\vec{b}|^2}{|\\vec{a}|^2 |\\vec{b}|^2} + \\frac{(\\vec{a} \\cdot \\vec{b})^2}{|\\vec{a}|^2 |\\vec{b}|^2} = 1. $$\n\nMultiplying throughout by $|\\vec{a}|^2 |\\vec{b}|^2$ gives\n$$ |\\vec{a} \\times \\vec{b}|^2 + (\\vec{a} \\cdot \\vec{b})^2 = |\\vec{a}|^2 |\\vec{b}|^2. $$\n\n**4.** Given points $A, B$ and $C$ with coordinates $(3, -5, 1)$, $(7, 7, 2)$ and $(-1, 1, 3)$.\n\n(a) Calculate\n$$ \\vec{p} = \\overrightarrow{AB} \\times \\overrightarrow{AC} \\quad \\text{and} \\quad \\vec{q} = \\overrightarrow{BA} \\times \\overrightarrow{BC}. $$\n\n(b) What can you say about vectors $\\vec{p}$ and $\\vec{q}$?\n\n**Solution.**\n$$ \\overrightarrow{OA} = \\begin{pmatrix} 3 \\\\ -5 \\\\ 1 \\end{pmatrix}, \\quad \\overrightarrow{OB} = \\begin{pmatrix} 7 \\\\ 7 \\\\ 2 \\end{pmatrix}, \\quad \\overrightarrow{OC} = \\begin{pmatrix} -1 \\\\ 1 \\\\ 3 \\end{pmatrix}. $$\n\nTherefore,\n$$ \\overrightarrow{AB} = \\overrightarrow{OB} - \\overrightarrow{OA} = \\begin{pmatrix} 7 \\\\ 7 \\\\ 2 \\end{pmatrix} - \\begin{pmatrix} 3 \\\\ -5 \\\\ 1 \\end{pmatrix} = \\begin{pmatrix} 4 \\\\ 12 \\\\ 1 \\end{pmatrix}, $$\n\n$$ \\overrightarrow{AC} = \\overrightarrow{OC} - \\overrightarrow{OA} = \\begin{pmatrix} -1 \\\\ 1 \\\\ 3 \\end{pmatrix} - \\begin{pmatrix} 3 \\\\ -5 \\\\ 1 \\end{pmatrix} = \\begin{pmatrix} -4 \\\\ 6 \\\\ 2 \\end{pmatrix}. $$\n\nAlso,\n$$ \\overrightarrow{BA} = \\overrightarrow{OA} - \\overrightarrow{OB} = \\begin{pmatrix} -4 \\\\ -12 \\\\ -1 \\end{pmatrix}, \\quad \\overrightarrow{BC} = \\overrightarrow{OC} - \\overrightarrow{OB} = \\begin{pmatrix} -1 \\\\ 1 \\\\ 3 \\end{pmatrix} - \\begin{pmatrix} 7 \\\\ 7 \\\\ 2 \\end{pmatrix} = \\begin{pmatrix} -8 \\\\ -6 \\\\ 1 \\end{pmatrix}. $$\n\n(a)\n$$ \\vec{p} = \\begin{pmatrix} 4 \\\\ 12 \\\\ 1 \\end{pmatrix} \\times \\begin{pmatrix} -4 \\\\ 6 \\\\ 2 \\end{pmatrix} = \\begin{pmatrix} 18 \\\\ -12 \\\\ 72 \\end{pmatrix}, $$\n\n$$ \\vec{q} = \\begin{pmatrix} -4 \\\\ -12 \\\\ -1 \\end{pmatrix} \\times \\begin{pmatrix} -8 \\\\ -6 \\\\ 1 \\end{pmatrix} = \\begin{pmatrix} -18 \\\\ 12 \\\\ -72 \\end{pmatrix}. $$\n\n(b) Since\n$$ \\vec{q} = -\\vec{p}, $$\n\nthe vectors $\\vec{p}$ and $\\vec{q}$ have equal magnitudes but opposite directions.\n\n**5.** The points $A(3, 1, 2)$, $B(-1, 1, 5)$ and $C(7, 2, 3)$ are vertices of a parallelogram $ABCD$.\n\n(a) Find the coordinates of $D$.\n\n(b) Calculate the area of the parallelogram.\n\n[DIAGRAM:Chap4_Ex4_3_Q5]\n\n**Solution.**\n(a) For parallelogram $ABCD$,\n$$ \\overrightarrow{AD} = \\overrightarrow{BC}, $$\n$$ \\overrightarrow{OD} - \\overrightarrow{OA} = \\overrightarrow{OC} - \\overrightarrow{OB}. $$\n\nTherefore,\n$$ \\begin{aligned} \\overrightarrow{OD} &= \\overrightarrow{OA} + \\overrightarrow{OC} - \\overrightarrow{OB} \\\\ &= \\begin{pmatrix} 3 \\\\ 1 \\\\ 2 \\end{pmatrix} + \\begin{pmatrix} 7 \\\\ 2 \\\\ 3 \\end{pmatrix} - \\begin{pmatrix} -1 \\\\ 1 \\\\ 5 \\end{pmatrix} \\\\ &= \\begin{pmatrix} 11 \\\\ 2 \\\\ 0 \\end{pmatrix}. \\end{aligned} $$\n\nTherefore, the coordinates of $D$ are $(11, 2, 0)$.\n\n(b) Adjacent sides from $A$ are\n$$ \\overrightarrow{AB} = \\begin{pmatrix} -1 \\\\ 1 \\\\ 5 \\end{pmatrix} - \\begin{pmatrix} 3 \\\\ 1 \\\\ 2 \\end{pmatrix} = \\begin{pmatrix} -4 \\\\ 0 \\\\ 3 \\end{pmatrix} $$\n\nand\n$$ \\overrightarrow{AD} = \\begin{pmatrix} 8 \\\\ 1 \\\\ -2 \\end{pmatrix}. $$\n\nThus,\n$$ \\overrightarrow{AB} \\times \\overrightarrow{AD} = \\begin{pmatrix} -4 \\\\ 0 \\\\ 3 \\end{pmatrix} \\times \\begin{pmatrix} 8 \\\\ 1 \\\\ -2 \\end{pmatrix} = \\begin{pmatrix} -3 \\\\ 16 \\\\ -4 \\end{pmatrix}. $$\n\nTherefore,\n$$ \\begin{aligned} \\text{Area of parallelogram} &= |\\overrightarrow{AB} \\times \\overrightarrow{AD}| \\\\ &= \\sqrt{(-3)^2 + 16^2 + (-4)^2} \\\\ &= \\sqrt{281}. \\end{aligned} $$\n\nHence,\n$$ \\text{Area of parallelogram} = \\sqrt{281} \\text{ square units.} $$\n## 4.4 Lines and Planes in Space\n\nLines in Three-Dimensional Space\n\n**Direction Vector of a Straight Line**\nA **direction vector** of a straight line is a vector parallel to the line.\nမျဉ်းဖြောင့်တစ်ကြောင်း၏ **direction vector** ဆိုသည်မှာ ထိုမျဉ်းဖြောင့်နှင့် အပြိုင်ဖြစ်သော vector တစ်ခုဖြစ်သည်။\n\nIn three-dimensional geometry, we can determine the equation of a line using its direction and any **fixed point** on the line.\nသုံးဖက်မြင် ဂျီဩမေတြီတွင် မျဉ်းဖြောင့်တစ်ကြောင်း၏ ညီမျှခြင်းကို သတ်မှတ်ရန် ထိုမျဉ်း၏ direction ကိုဖော်ပြသော **direction vector** နှင့် မျဉ်းပေါ်ရှိ **fixed point** တစ်ခုကို အသုံးပြုနိုင်သည်။\n\n[DIAGRAM:Chap4_4_4_LineEq_Diag1]\n\nSuppose a line passes through a fixed point $A$, where\n$$ \\overrightarrow{OA} = \\vec{a}, $$\nand suppose that the line is parallel to a vector $\\vec{b}$. Let $R$ be any point on the line, where\n$$ \\overrightarrow{OR} = \\vec{r}. $$\nThen\n$$ \\overrightarrow{OR} = \\overrightarrow{OA} + \\overrightarrow{AR}. $$\nSince $\\overrightarrow{AR} \\parallel \\vec{b}$, there is a scalar $t$ such that\n$$ \\overrightarrow{AR} = t\\vec{b}. $$\nTherefore,\n$$ \\vec{r} = \\vec{a} + t\\vec{b}, \\quad t \\in \\mathbb{R}, $$\nis the vector equation of the line.\n\nမျဉ်းဖြောင့်တစ်ကြောင်းသည် ပုံသေအမှတ် $A$ ကို ဖြတ်သွားပြီး $\\overrightarrow{OA} = \\vec{a}$ ဖြစ်သည်ဟု ယူဆပါ။ ထိုမျဉ်းသည် vector $\\vec{b}$ နှင့် အပြိုင်ဖြစ်သည်။ မျဉ်းပေါ်ရှိ မည်သည့်အမှတ် $R$ အတွက်မဆို $\\overrightarrow{OR} = \\vec{r}$ ဟုထားလျှင် $\\overrightarrow{OR} = \\overrightarrow{OA} + \\overrightarrow{AR}$ ဖြစ်သည်။ $\\overrightarrow{AR}$ သည် $\\vec{b}$ နှင့် အပြိုင်ဖြစ်သောကြောင့် $\\overrightarrow{AR} = t\\vec{b}$ ဟု ရေးနိုင်သည်။ ထို့ကြောင့် $\\vec{r} = \\vec{a} + t\\vec{b}$ ကို ရရှိသည်။ ဤနေရာတွင် $t$ သည် မည်သည့် real number မဆို ဖြစ်နိုင်သည်။\n\n**Note**\nTo determine the **vector equation** of a line, we need:\n(1) a **fixed point** $A$ on the line, with position vector $\\overrightarrow{OA} = \\vec{a}$;\n(2) a **non-zero direction vector** $\\vec{b}$ parallel to the line.\nThen the vector equation of the line is\n$$ \\vec{r} = \\vec{a} + t\\vec{b}, \\quad t \\in \\mathbb{R}. $$\n\nမျဉ်းဖြောင့်တစ်ကြောင်း၏ **vector equation** ကို ရှာရန် အောက်ပါအချက်နှစ်ချက် လိုအပ်သည်။\n(1) မျဉ်းပေါ်ရှိ **fixed point** တစ်ခုနှင့် ၎င်း၏ position vector $\\overrightarrow{OA} = \\vec{a}$\n(2) မျဉ်းနှင့် အပြိုင်ဖြစ်သော **non-zero direction vector** $\\vec{b}$\n\n**Vector Equation in Component Form**\nIn three dimensions, let\n$$ \\overrightarrow{OR} = \\vec{r} = \\begin{pmatrix} x \\\\ y \\\\ z \\end{pmatrix}, \\quad \\vec{a} = \\begin{pmatrix} a_1 \\\\ a_2 \\\\ a_3 \\end{pmatrix}, \\quad \\vec{b} = \\begin{pmatrix} b_1 \\\\ b_2 \\\\ b_3 \\end{pmatrix}. $$\nThen\n$$ \\begin{pmatrix} x \\\\ y \\\\ z \\end{pmatrix} = \\begin{pmatrix} a_1 \\\\ a_2 \\\\ a_3 \\end{pmatrix} + t \\begin{pmatrix} b_1 \\\\ b_2 \\\\ b_3 \\end{pmatrix}, \\quad t \\in \\mathbb{R}, $$\nis the **vector equation** of the line, where $R(x, y, z)$ is any point on the line, $A(a_1, a_2, a_3)$ is a known fixed point on the line, and\n$$ \\vec{b} = \\begin{pmatrix} b_1 \\\\ b_2 \\\\ b_3 \\end{pmatrix} \\quad \\text{is a direction vector of the line.} $$\nSince\n$$ \\begin{pmatrix} x \\\\ y \\\\ z \\end{pmatrix} = \\begin{pmatrix} a_1 + tb_1 \\\\ a_2 + tb_2 \\\\ a_3 + tb_3 \\end{pmatrix}, $$\nwe can write the **parametric equations** of the line as\n$ \\begin{aligned} x &= a_1 + tb_1, \\\\ y &= a_2 + tb_2, \\quad t \\in \\mathbb{R}. \\\\ z &= a_3 + tb_3, \\end{aligned} $$\n\n- Each point on the line corresponds to exactly one value of $t$.\n  မျဉ်းပေါ်ရှိ အမှတ်တစ်ခုစီအတွက် သက်ဆိုင်သော parameter $t$ တန်ဖိုးတစ်ခုတည်းသာ ရှိသည်။\n- Conversely, each real value of $t$ determines exactly one point on the line.\n  တစ်နည်းအားဖြင့် parameter $t$ ၏ real value တစ်ခုစီသည် မျဉ်းပေါ်ရှိ အမှတ်တစ်ခုကို အတိအကျ သတ်မှတ်ပေးသည်။\n\nIf $b_1, b_2$ and $b_3$ are non-zero, then\n$$ t = \\frac{x - a_1}{b_1} = \\frac{y - a_2}{b_2} = \\frac{z - a_3}{b_3} $$\nThus, by equating the expressions for $t$, we obtain the **Cartesian equation** of the line:\n$$ \\frac{x - a_1}{b_1} = \\frac{y - a_2}{b_2} = \\frac{z - a_3}{b_3} $$\n\n###### Example 16\nFind the Cartesian equation of the line with vector equation\n$$ \\vec{r} = \\begin{pmatrix} 1 \\\\ 4 \\\\ -1 \\end{pmatrix} + t \\begin{pmatrix} 3 \\\\ 2 \\\\ 5 \\end{pmatrix}, \\quad t \\in \\mathbb{R}. $$\n**Solution**\nThe vector equation of a line is\n$$ \\vec{r} = \\vec{a} + t\\vec{b}, \\quad t \\in \\mathbb{R}. $$\nThe given vector equation is\n$$ \\vec{r} = \\begin{pmatrix} 1 \\\\ 4 \\\\ -1 \\end{pmatrix} + t \\begin{pmatrix} 3 \\\\ 2 \\\\ 5 \\end{pmatrix}, \\quad t \\in \\mathbb{R}. $$\nComparing the two equations, we have\n$$ \\vec{a} = \\begin{pmatrix} 1 \\\\ 4 \\\\ -1 \\end{pmatrix}, \\quad \\vec{b} = \\begin{pmatrix} 3 \\\\ 2 \\\\ 5 \\end{pmatrix}. $$\nTherefore,\n$$ \\begin{pmatrix} x \\\\ y \\\\ z \\end{pmatrix} = \\begin{pmatrix} 1 \\\\ 4 \\\\ -1 \\end{pmatrix} + t \\begin{pmatrix} 3 \\\\ 2 \\\\ 5 \\end{pmatrix} = \\begin{pmatrix} 1 + 3t \\\\ 4 + 2t \\\\ -1 + 5t \\end{pmatrix}. $$\nThe parametric equations of the line are\n$ \\begin{aligned} x &= 1 + 3t, \\\\ y &= 4 + 2t, \\\\ z &= -1 + 5t. \\end{aligned} $$\nTherefore,\n$$ t = \\frac{x - 1}{3} = \\frac{y - 4}{2} = \\frac{z + 1}{5}. $$\nHence, the Cartesian equation of the line is\n$$ \\frac{x - 1}{3} = \\frac{y - 4}{2} = \\frac{z + 1}{5}. $$\n\n###### Example 17\nDoes the point $(3, -2, 2)$ lie on the line with equation\n$$ \\frac{x + 1}{2} = \\frac{4 - y}{3} = \\frac{2z}{3}? $$\n**Solution**\nThe Cartesian equation of the line is\n$$ \\frac{x + 1}{2} = \\frac{4 - y}{3} = \\frac{2z}{3}. $$\nIf the point $(3, -2, 2)$ is on the line, then the three expressions must have the same value.\nSubstituting $x = 3, y = -2$ and $z = 2$, we get\n$$ \\frac{x + 1}{2} = \\frac{3 + 1}{2} = 2, $$\n$$ \\frac{4 - y}{3} = \\frac{4 - (-2)}{3} = 2, $$\nbut\n$$ \\frac{2z}{3} = \\frac{2(2)}{3} = \\frac{4}{3}. $$\nSince\n$$ 2 = 2 \\neq \\frac{4}{3}, $\nthe three expressions do not have the same value. Therefore, the point $(3, -2, 2)$ does not lie on the line.\n\n\n### Planes in Three Dimensions\n\nTo determine the **vector equation** of the plane, we require an extension of the ideas of the equation of the line. Think of a very simple example, the $xy$-plane. The **position vector** of any point in the $xy$-plane is a sum of **scalar multiples** of $\\hat{i}$ and $\\hat{j}$, so $\\hat{i}$ and $\\hat{j}$ can be considered **direction vectors** of the $xy$-plane.\n\n$xy$ plane ပေါ်ရှိ မည်သည့်အမှတ်၏ **position vector** ကိုမဆို $\\hat{i}$ နှင့် $\\hat{j}$ တို့၏ **scalar multiples** များပေါင်း၍ ရေးနိုင်သည်။ ထို့ကြောင့် $\\hat{i}$ နှင့် $\\hat{j}$ တို့ကို $xy$ plane ၏ **direction vectors** နှစ်ခုအဖြစ် သတ်မှတ်နိုင်သည်။ မျဉ်းတစ်ကြောင်းကို သတ်မှတ်ရန် **direction vector** တစ်ခုသာ လိုအပ်သော်လည်း plane တစ်ခုကို သတ်မှတ်ရန် အချင်းချင်းအပြိုင်မဖြစ်သော **direction vectors** နှစ်ခု လိုအပ်သည်။\n\nMore generally, for any plane through the origin, if we fix two nonparallel vectors in that plane, the position vector of any point in the plane is a sum of scalar multiples of those two vectors.\n\n[DIAGRAM:Chap4_4_4_PlaneEq_Diag2]
2  |  
3  |  [DIAGRAM:Chap4_4_4_PlaneEq_Diag2]\n\nယေဘုယျအားဖြင့် မူလမှတ် $O$ ကို ဖြတ်သွားသော plane တစ်ခုအတွင်း အချင်းချင်း parallel မဖြစ်သော vectors နှစ်ခုကို သတ်မှတ်ထားလျှင် ထို plane ပေါ်ရှိ မည်သည့်အမှတ်၏ position vector ကိုမဆို ထို vectors နှစ်ခု၏ scalar multiples များပေါင်းလဒ်ဖြင့် ရေးနိုင်သည်။\n\nConsider a plane passing through a fixed point $A$, with\n$$ \\overrightarrow{OA} = \\vec{a}. $$\n\nLet $\\vec{d}_1$ and $\\vec{d}_2$ be two nonparallel vectors in the plane. For any point $R$ on the plane, there are scalars $t_1$ and $t_2$ such that points $B$ and $C$ can be chosen with\n$$ \\overrightarrow{AB} = t_1\\vec{d}_1, \\quad \\overrightarrow{AC} = t_2\\vec{d}_2. $$\n\n[DIAGRAM:Chap4_4_4_PlaneEq_Diag3]\n\nSince $ACRB$ is a parallelogram,\n$$ \\overrightarrow{AR} = \\overrightarrow{AB} + \\overrightarrow{AC} = t_1\\vec{d}_1 + t_2\\vec{d}_2. $$\n\nAlso,\n$$ \\overrightarrow{OR} = \\overrightarrow{OA} + \\overrightarrow{AR}. $$\n\nIf the plane passes through $A$ and has two nonparallel direction vectors $\\vec{d}_1$ and $\\vec{d}_2$, then the position vector $\\vec{r}$ of any point $R$ on the plane is given by\n> $$ \\vec{r} = \\vec{a} + t_1\\vec{d}_1 + t_2\\vec{d}_2, \\quad t_1, t_2 \\in \\mathbb{R} $$\n\n$A$ မှ $\\vec{d}_1$ ၏ direction အတိုင်း $t_1$ ဆ ရွေ့လျှင် $B$ သို့ ရောက်ပြီး၊ $\\vec{d}_2$ ၏ direction အတိုင်း $t_2$ ဆ ရွေ့လျှင် $C$ သို့ ရောက်သည်။ ထို့ကြောင့်\n$$ \\overrightarrow{AB} = t_1\\vec{d}_1, \\quad \\overrightarrow{AC} = t_2\\vec{d}_2. $$\n\n$ACRB$ သည် parallelogram ဖြစ်သောကြောင့် ၎င်း၏ ထောင့်ဖြတ် vector သည် ဘေးနှစ်ဖက်ရှိ vectors များ၏ ပေါင်းလဒ်ဖြစ်သည်။ ထို့ကြောင့်\n$$ \\overrightarrow{AR} = \\overrightarrow{AB} + \\overrightarrow{AC} = t_1\\vec{d}_1 + t_2\\vec{d}_2. $$\n\nမူလမှတ် $O$ မှ $R$ သို့ ရောက်ရန် ပထမ $O$ မှ $A$ သို့ ရွေ့ပြီးနောက် $A$ မှ $R$ သို့ ရွေ့နိုင်သည်။ ထို့ကြောင့်\n$$ \\vec{r} = \\overrightarrow{OR} = \\overrightarrow{OA} + \\overrightarrow{AR} = \\vec{a} + t_1\\vec{d}_1 + t_2\\vec{d}_2. $$\n\n$t_1$ နှင့် $t_2$ တို့ကို မတူညီသော real values များ ပေးခြင်းဖြင့် plane ပေါ်ရှိ အမှတ်အသီးသီးကို ရရှိနိုင်သည်။\n\nAny vector that is perpendicular to a plane is called a **normal vector**, or simply a normal to the plane. We can find the normal to a plane by finding the **cross product** of two nonparallel vectors of the plane. A normal is perpendicular to every line on the plane.\n\nPlane တစ်ခုနှင့် ထောင့်မှန်ကျသော vector ကို ထို plane ၏ **normal vector** သို့မဟုတ် **normal** ဟုခေါ်သည်။ Plane ပေါ်ရှိ အချင်းချင်း parallel မဖြစ်သော vectors နှစ်ခု၏ **cross product** သည် မူလ vectors နှစ်ခုလုံးနှင့် ထောင့်မှန်ကျသောကြောင့် ထို plane ၏ **normal vector** ဖြစ်သည်။ ထို့ကြောင့် **normal vector** သည် plane ပေါ်ရှိ မျဉ်းတိုင်း၏ direction နှင့် ထောင့်မှန်ကျသည်။\n\nTo write the **normal vector** form of a plane equation, we use the **position vector** $\\vec{a}$ of one point and a **normal vector** $\\vec{n}$ perpendicular to the plane.\n\n**Plane equation ကို normal vector form ဖြင့် ရေးရန် plane ပေါ်ရှိ အမှတ်တစ်ခု၏ position vector $\\vec{a}$ နှင့် ထို plane ကို ထောင့်မှန်ကျသော normal vector $\\vec{n}$ ကို အသုံးပြုနိုင်သည်။**\n\nThus we consider a plane passing through a point $A$ with position vector $\\vec{a}$ and $\\vec{n} = a\\hat{i} + b\\hat{j} + c\\hat{k}$ is perpendicular to the given plane. Let $\\vec{r}$ be the position vector of an arbitrary point $R(x, y, z)$ on the plane.\n\nPosition vector $\\vec{a}$ ရှိသော အမှတ် $A$ ကို ဖြတ်သွားသည့် plane တစ်ခုကို စဉ်းစားကြစို့။ $\\vec{n} = a\\hat{i} + b\\hat{j} + c\\hat{k}$ သည် ထို plane ၏ normal vector ဖြစ်ပြီး၊ plane ပေါ်ရှိ မည်သည့်အမှတ်ကိုမဆို $R(x, y, z)$ ဟုယူကာ ၎င်း၏ position vector ကို $\\vec{r}$ ဟု သတ်မှတ်သည်။\n\n[DIAGRAM:Chap4_4_4_PlaneEq_Diag4]\n\nSince $\\overrightarrow{AR}$ is a vector in the plane, it is perpendicular to the normal vector $\\vec{n}$.\n\n$\\overrightarrow{AR}$ သည် plane ပေါ်တွင်ရှိသော vector ဖြစ်သဖြင့် normal vector $\\vec{n}$ နှင့် ထောင့်မှန်ကျသည်။ ထို့ကြောင့် ၎င်းတို့၏ dot product သည် သုညဖြစ်သည်။\n\n$$ \\begin{aligned} \\vec{n} \\cdot \\overrightarrow{AR} &= 0, \\\\ \\overrightarrow{AR} &= \\vec{r} - \\vec{a}, \\\\ (\\vec{r} - \\vec{a}) \\cdot \\vec{n} &= 0, \\\\ \\vec{r} \\cdot \\vec{n} - \\vec{a} \\cdot \\vec{n} &= 0 \\end{aligned} $$\n> $$ \\vec{r} \\cdot \\vec{n} = \\vec{a} \\cdot \\vec{n} $$\n\nထို့ကြောင့် $A$ ကို ဖြတ်သွားပြီး $\\vec{n}$ ကို normal vector အဖြစ်ရှိသော plane ၏ normal vector form သည် $\\vec{r} \\cdot \\vec{n} = \\vec{a} \\cdot \\vec{n}$ ဖြစ်သည်။\n\nSince\n$$ \\vec{r} = \\begin{pmatrix} x \\\\ y \\\\ z \\end{pmatrix} \\quad \\text{and} \\quad \\vec{n} = \\begin{pmatrix} a \\\\ b \\\\ c \\end{pmatrix}, $$\nwe have\n$$ \\begin{pmatrix} x \\\\ y \\\\ z \\end{pmatrix} \\cdot \\begin{pmatrix} a \\\\ b \\\\ c \\end{pmatrix} = \\vec{a} \\cdot \\vec{n}. $$\n\n$\\vec{r}$ နှင့် $\\vec{n}$ တို့၏ components များကို normal vector form ထဲသို့ အစားထိုးပြီး dot product ကို ဖြန့်တွက်လျှင် အောက်ပါအတိုင်း ရသည်။\n\n$$ ax + by + cz = d, \\quad d = \\vec{a} \\cdot \\vec{n}, $$\nwhere $d$ is a constant.\n\n> The **Cartesian equation** of a plane has the form $ax + by + cz = d$, where $\\begin{pmatrix} a \\\\ b \\\\ c \\end{pmatrix}$ is the **normal vector** of the plane.\n\n> **Note: Choosing the Form of a Plane Equation**\n> 1. Plane ပေါ်ရှိ အမှတ်တစ်ခု၏ position vector $\\vec{a}$ နှင့် အချင်းချင်း parallel မဖြစ်သော direction vectors $\\vec{d}_1, \\vec{d}_2$ တို့ကို ပေးထားလျှင်\n>    $$ \\vec{r} = \\vec{a} + t_1\\vec{d}_1 + t_2\\vec{d}_2 $$\n>    ကို သုံးနိုင်သည်။\n> 2. Plane ပေါ်ရှိ အမှတ်တစ်ခု၏ position vector $\\vec{a}$ နှင့် normal vector $\\vec{n}$ ကို ပေးထားလျှင်\n>    $$ \\vec{r} \\cdot \\vec{n} = \\vec{a} \\cdot \\vec{n} $$\n>    ကို သုံးနိုင်သည်။\n> 3. Normal vector ၏ components $a, b, c$ နှင့် plane ပေါ်ရှိ အမှတ် $(x_0, y_0, z_0)$ ကို ပေးထားလျှင်\n>    $$ ax + by + cz = d, \\quad d = ax_0 + by_0 + cz_0 $$\n>    ဖြစ်သော Cartesian form ကို သုံးနိုင်သည်။\n`;
   |                                                                                                                                                                                                                                                                                                                                                                                                                                                                                                                                                                                                                                                                                                                                                                                                                                                                                                                                                                                                                                                                                                                                                                                                                                                                                                                                                                                                                                                                                                                                                                                                                                                                                                                                                                                                                                                                                                                                                                                                                                                                                                                                                                                                                                                    ^
4  |  

    at failureErrorWithLog (/app/applet/node_modules/esbuild/lib/main.js:1467:15)
    at /app/applet/node_modules/esbuild/lib/main.js:736:50
    at responseCallbacks.<computed> (/app/applet/node_modules/esbuild/lib/main.js:603:9)
    at handleIncomingPacket (/app/applet/node_modules/esbuild/lib/main.js:658:12)
    at Socket.readFromStdout (/app/applet/node_modules/esbuild/lib/main.js:581:7)
    at Socket.emit (node:events:519:28)
    at addChunk (node:internal/streams/readable:561:12)
    at readableAddChunkPushByteMode (node:internal/streams/readable:512:3)
    at Readable.push (node:internal/streams/readable:392:5)
    at Pipe.onStreamRead (node:internal/stream_base_commons:189:23)
